Microchip MPLAB XC8 Compiler V2.40

Linker command line:

-W-3 \
  --edf=C:\Program Files\Microchip\xc8\v2.40\pic\dat\20220703182018_en.msgs \
  -cn -h+dist/default/production\Project_Work.X.production.sym \
  --cmf=dist/default/production\Project_Work.X.production.cmf -z -Q16F877A \
  -oC:\Users\ADMINI~1\AppData\Local\Temp\xcAs14c.4 --defsym=__MPLAB_BUILD=1 \
  --fixupoverflow=error \
  -Mdist/default/production/Project_Work.X.production.map \
  --md=C:\Users\ADMINI~1\AppData\Local\Temp\xcAs14c.dat -E1 \
  -ver=XC8 Compiler --acfsm=1493 -ACODE=00h-07FFhx4 -ASTRCODE=00h-01FFFh \
  -ASTRING=00h-0FFhx32 -ACONST=00h-0FFhx32 -AENTRY=00h-0FFhx32 \
  -ACOMMON=070h-07Fh -ABANK0=020h-06Fh -ABANK1=0A0h-0EFh \
  -ABANK2=0110h-016Fh -ABANK3=0190h-01EFh \
  -ARAM=020h-06Fh,0A0h-0EFh,0110h-016Fh,0190h-01EFh \
  -AABS1=020h-07Fh,0A0h-0EFh,0110h-016Fh,0190h-01EFh -ASFR0=00h-01Fh \
  -ASFR1=080h-09Fh -ASFR2=0100h-010Fh -ASFR3=0180h-018Fh \
  -ACONFIG=02007h-02007h -DCONFIG=2 -AIDLOC=02000h-02003h -DIDLOC=2 \
  -AEEDATA=00h-0FFh/02100h -peeprom_data=EEDATA -DEEDATA=2 -DCODE=2 \
  -DSTRCODE=2 -DSTRING=2 -DCONST=2 -DENTRY=2 \
  -preset_vec=00h,intentry=04h,init,end_init -ppowerup=CODE -pcinit=CODE \
  -pfunctab=ENTRY -k C:\Users\ADMINI~1\AppData\Local\Temp\xcAs14c.o \
  dist/default/production\Project_Work.X.production.o 

Object code version is 3.11

Machine type is 16F877A



                Name                               Link     Load   Length Selector   Space Scale
C:\Users\ADMINI~1\AppData\Local\Temp\xcAs14c.o
                end_init                             10       10        3        8       0
                reset_vec                             0        0        3        0       0
                config                             2007     2007        1        0       4
                idloc                              2000     2000        4        0       5
dist/default/production\Project_Work.X.production.o
                cinit                                13       13       56        8       0
                intentry                              4        4        C        8       0
                config                             2007     2007        1        0       4
                idloc                              2000     2000        4        0       5
                text36                             152F     152F        E     2A5E       0
                text35                              891      891       5B     1122       0
                text34                             1575     1575       27     2AEA       0
                text33                             16D9     16D9       46     2DB2       0
                text32                             171F     171F       47     2E3E       0
                text31                             151D     151D        9     2A3A       0
                text30                              BCE      BCE       79     179C       0
                text29                              CC3      CC3       8A     1986       0
                text28                             15F0     15F0       36     2BE0       0
                text27                              C47      C47       7C     188E       0
                text26                             1766     1766       4A     2ECC       0
                text25                              8EC      8EC       5F     11D8       0
                text24                              E79      E79       AD     1CF2       0
                text23                             153D     153D        E     2A7A       0
                text22                              94B      94B       5F     1296       0
                text21                             159C     159C       27     2B38       0
                text20                             17B0     17B0       50     2F60       0
                text19                              68F      68F       71        8       0
                text18                             1526     1526        9     2A4C       0
                text17                              B59      B59       75     16B2       0
                text16                              DDC      DDC       9D     1BB8       0
                text15                              D4D      D4D       8F     1A9A       0
                text14                             165D     165D       3C     2CBA       0
                text13                              F26      F26       DA     1E4C       0
                text12                              A0F      A0F       66     141E       0
                text11                             1699     1699       40     2D32       0
                text10                              81C      81C       1F     1038       0
                text9                              15C3     15C3       2D     2B86       0
                text8                               9AA      9AA       65     1354       0
                text7                              154B     154B       11     2A96       0
                text6                              155C     155C       19     2AB8       0
                text5                               83B      83B       56     1076       0
                text4                               AE5      AE5       74     15CA       0
                text3                               A75      A75       70     14EA       0
                text2                              1626     1626       37     2C4C       0
                text1                               459      459      236        8       0
                maintext                             69       69      3F0        8       0
                cstackBANK0                          20       20       1E       20       1
                cstackCOMMON                         70       70        E       70       1
                cstackBANK1                          A0       A0       44       A0       1
                cstackBANK2                         142      142       20      110       1
                cstackBANK3                         1CB      1CB        4      190       1
                clrtext                            1515     1515        8     2A2A       0
                bssBANK2                            110      110       32      110       1
                dataBANK3                           1CF      1CF        2      190       1
                bssBANK3                            190      190       3B      190       1
                dataBANK1                            EF       EF        1       A0       1
                bssBANK1                             E4       E4        B       A0       1
                dataBANK0                            50       50        4       20       1
                bssBANK0                             3E       3E       12       20       1
                stringtext                          700      700      119        E       0
                idataBANK3                          81A      81A        2     1034       0
                idataBANK1                            3        3        1        0       0
                idataBANK0                         1511     1511        4     2A22       0

TOTAL           Name                               Link     Load   Length     Space
        CLASS   CODE           
                end_init                             10       10        3         0
                cinit                                13       13       56         0
                intentry                              4        4        C         0
                reset_vec                             0        0        3         0
                text36                             152F     152F        E         0
                text35                              891      891       5B         0
                text34                             1575     1575       27         0
                text33                             16D9     16D9       46         0
                text32                             171F     171F       47         0
                text31                             151D     151D        9         0
                text30                              BCE      BCE       79         0
                text29                              CC3      CC3       8A         0
                text28                             15F0     15F0       36         0
                text27                              C47      C47       7C         0
                text26                             1766     1766       4A         0
                text25                              8EC      8EC       5F         0
                text24                              E79      E79       AD         0
                text23                             153D     153D        E         0
                text22                              94B      94B       5F         0
                text21                             159C     159C       27         0
                text20                             17B0     17B0       50         0
                text19                              68F      68F       71         0
                text18                             1526     1526        9         0
                text17                              B59      B59       75         0
                text16                              DDC      DDC       9D         0
                text15                              D4D      D4D       8F         0
                text14                             165D     165D       3C         0
                text13                              F26      F26       DA         0
                text12                              A0F      A0F       66         0
                text11                             1699     1699       40         0
                text10                              81C      81C       1F         0
                text9                              15C3     15C3       2D         0
                text8                               9AA      9AA       65         0
                text7                              154B     154B       11         0
                text6                              155C     155C       19         0
                text5                               83B      83B       56         0
                text4                               AE5      AE5       74         0
                text3                               A75      A75       70         0
                text2                              1626     1626       37         0
                text1                               459      459      236         0
                maintext                             69       69      3F0         0
                clrtext                            1515     1515        8         0
                idataBANK3                          81A      81A        2         0
                idataBANK1                            3        3        1         0
                idataBANK0                         1511     1511        4         0

        CLASS   STRCODE        
                stringtext                          700      700      119         0

        CLASS   STRING         

        CLASS   CONST          

        CLASS   ENTRY          

        CLASS   COMMON         
                cstackCOMMON                         70       70        E         1

        CLASS   BANK0          
                cstackBANK0                          20       20       1E         1
                dataBANK0                            50       50        4         1
                bssBANK0                             3E       3E       12         1

        CLASS   BANK1          
                cstackBANK1                          A0       A0       44         1
                dataBANK1                            EF       EF        1         1
                bssBANK1                             E4       E4        B         1

        CLASS   BANK2          
                cstackBANK2                         142      142       20         1
                bssBANK2                            110      110       32         1

        CLASS   BANK3          
                cstackBANK3                         1CB      1CB        4         1
                dataBANK3                           1CF      1CF        2         1
                bssBANK3                            190      190       3B         1

        CLASS   RAM            

        CLASS   ABS1           
                abs_s1                               7E       7E        2         1

        CLASS   SFR0           

        CLASS   SFR1           

        CLASS   SFR2           

        CLASS   SFR3           

        CLASS   CONFIG         
                config                             2007     2007        1         4

        CLASS   IDLOC          
                idloc                              2000     2000        4         5

        CLASS   EEDATA         

        CLASS   STACK          



SEGMENTS        Name                           Load    Length   Top    Selector   Space  Class     Delta

                reset_vec                      000000  000004  000004         0       0  CODE        2
                intentry                       000004  0006FC  000700         8       0  CODE        2
                cstackBANK0                    000020  000034  000054        20       1  BANK0       1
                cstackCOMMON                   000070  00000E  00007E        70       1  COMMON      1
                cstackBANK1                    0000A0  000050  0000F0        A0       1  BANK1       1
                bssBANK2                       000110  000052  000162       110       1  BANK2       1
                bssBANK3                       000190  000041  0001D1       190       1  BANK3       1
                stringtext                     000700  000119  000819         E       0  STRCODE     2
                idataBANK3                     00081A  000002  00081C      1034       0  CODE        2
                text10                         00081C  00001F  00083B      1038       0  CODE        2
                text5                          00083B  000056  000891      1076       0  CODE        2
                text35                         000891  00005B  0008EC      1122       0  CODE        2
                text25                         0008EC  00005F  00094B      11D8       0  CODE        2
                text22                         00094B  00005F  0009AA      1296       0  CODE        2
                text8                          0009AA  000065  000A0F      1354       0  CODE        2
                text12                         000A0F  000066  000A75      141E       0  CODE        2
                text3                          000A75  000070  000AE5      14EA       0  CODE        2
                text4                          000AE5  000074  000B59      15CA       0  CODE        2
                text17                         000B59  000075  000BCE      16B2       0  CODE        2
                text30                         000BCE  000079  000C47      179C       0  CODE        2
                text27                         000C47  00007C  000CC3      188E       0  CODE        2
                text29                         000CC3  00008A  000D4D      1986       0  CODE        2
                text15                         000D4D  00008F  000DDC      1A9A       0  CODE        2
                text16                         000DDC  00009D  000E79      1BB8       0  CODE        2
                text24                         000E79  0000AD  000F26      1CF2       0  CODE        2
                text13                         000F26  0000DA  001000      1E4C       0  CODE        2
                idataBANK0                     001511  000004  001515      2A22       0  CODE        2
                clrtext                        001515  000008  00151D      2A2A       0  CODE        2
                text31                         00151D  000009  001526      2A3A       0  CODE        2
                text18                         001526  000009  00152F      2A4C       0  CODE        2
                text36                         00152F  00000E  00153D      2A5E       0  CODE        2
                text23                         00153D  00000E  00154B      2A7A       0  CODE        2
                text7                          00154B  000011  00155C      2A96       0  CODE        2
                text6                          00155C  000019  001575      2AB8       0  CODE        2
                text34                         001575  000027  00159C      2AEA       0  CODE        2
                text21                         00159C  000027  0015C3      2B38       0  CODE        2
                text9                          0015C3  00002D  0015F0      2B86       0  CODE        2
                text28                         0015F0  000036  001626      2BE0       0  CODE        2
                text2                          001626  000037  00165D      2C4C       0  CODE        2
                text14                         00165D  00003C  001699      2CBA       0  CODE        2
                text11                         001699  000040  0016D9      2D32       0  CODE        2
                text33                         0016D9  000046  00171F      2DB2       0  CODE        2
                text32                         00171F  000047  001766      2E3E       0  CODE        2
                text26                         001766  00004A  0017B0      2ECC       0  CODE        2
                text20                         0017B0  000050  001800      2F60       0  CODE        2


UNUSED ADDRESS RANGES

        Name                Unused          Largest block    Delta
        BANK0            0054-006F             1C           1
        BANK2            0162-016F              E           1
        BANK3            01D1-01EF             1F           1
        CODE             0819-0819              1           2
                         1000-1510            511
                         1800-1FFF            800
        CONST            0819-0819              1           2
                         1000-1510            100
                         1800-1FFF            100
        EEDATA           2100-21FF            100           2
        ENTRY            0819-0819              1           2
                         1000-1510            100
                         1800-1FFF            100
        RAM              0054-006F             1C           1
                         0162-016F              E
                         01D1-01EF             1F
        SFR0             0000-001F             20           1
        SFR1             0080-009F             20           1
        SFR2             0100-010F             10           1
        SFR3             0180-018F             10           1
        STRCODE          0819-0819              1           2
                         1000-1510            511
                         1800-1FFF            800
        STRING           0819-0819              1           2
                         1000-1510            100
                         1800-1FFF            100

                                  Symbol Table

?_Length                     cstackBANK0  003C
?___aldiv                    cstackBANK1  00C8
?___almod                    cstackBANK1  00A0
?___awmod                    cstackBANK1  00B3
?___lmul                     cstackBANK1  00A0
?___wmul                     cstackBANK1  00B9
?_pow                        cstackBANK1  00BF
?_rand                       cstackBANK1  00AC
?_strcat                     cstackBANK1  00A5
?i1___awmod                  cstackBANK0  0027
?i1___lmul                   cstackCOMMON 0070
?i1___wmul                   cstackBANK0  002D
?i1_rand                     cstackBANK0  0020
CompareStrings@i             cstackBANK1  00AC
CompareStrings@str1          cstackBANK1  00A5
CompareStrings@str2          cstackBANK1  00A7
ConcatToPacket@delim         cstackBANK1  00B3
ConcatToPacket@packet_length cstackBANK1  00B5
ConcatToPacket@pkt           cstackBANK1  00B7
ConcatToPacket@str           cstackBANK1  00B1
ConvertToString@i            cstackBANK1  00E1
ConvertToString@j            cstackBANK1  00DF
ConvertToString@n            cstackBANK1  00D7
ConvertToString@n_cifre      cstackBANK1  00E3
ConvertToString@str          cstackBANK1  00DB
ConvertToString@temp         cstackBANK1  00DD
Fill@id                      cstackBANK1  00A8
Fill@length                  cstackBANK1  00A6
Length@len                   cstackBANK1  00A3
Length@str                   cstackBANK0  003C
SplitPacket@i                cstackBANK1  00B7
SplitPacket@i_part           cstackBANK1  00B4
SplitPacket@len              cstackBANK1  00AB
SplitPacket@part             cstackBANK1  00AD
SplitPacket@pkt              cstackBANK1  00B6
SplitPacket@section          cstackBANK1  00B2
UART_TxChar@ch               cstackBANK0  003D
UART_TxString@is_ACK         cstackBANK1  00BF
UART_TxString@n              cstackBANK1  00C1
UART_TxString@str            cstackBANK1  00C3
UART_init@baudrate           cstackBANK1  00D7
_CompareStrings              text3        0A75
_ConcatToPacket              text26       1766
_ConvertToString             text13       0F26
_EEADR                       (abs)        010D
_EECON1                      (abs)        018C
_EECON1bits                  (abs)        018C
_EECON2                      (abs)        018D
_EEDATA                      (abs)        010C
_Fill                        text12       0A0F
_INTCON                      (abs)        000B
_INTCONbits                  (abs)        000B
_IRS                         text29       0CC3
_Length                      text28       15F0
_OPTION_REG                  (abs)        0081
_PIC_ID                      bssBANK3     01C7
_PIE1                        (abs)        008C
_PIR1                        (abs)        000C
_PORTB                       (abs)        0006
_PORTD                       (abs)        0008
_PORTEbits                   (abs)        0009
_RCIF                        (abs)        0065
_RCREG                       (abs)        001A
_RCSTA                       (abs)        0018
_SPBRG                       (abs)        0099
_STATUSbits                  (abs)        0003
_SplitPacket                 text24       0E79
_T0IF                        (abs)        005A
_TMR0                        (abs)        0001
_TRISB                       (abs)        0086
_TRISC                       (abs)        0087
_TRISD                       (abs)        0088
_TRISEbits                   (abs)        0089
_TXREG                       (abs)        0019
_TXSTA                       (abs)        0098
_UART_TxChar                 text23       153D
_UART_TxString               text17       0B59
_UART_init                   text11       1699
__Habs1                      abs1         0000
__Hbank0                     bank0        0000
__Hbank1                     bank1        0000
__Hbank2                     bank2        0000
__Hbank3                     bank3        0000
__HbssBANK0                  bssBANK0     0000
__HbssBANK1                  bssBANK1     0000
__HbssBANK2                  bssBANK2     0000
__HbssBANK3                  bssBANK3     0000
__Hcinit                     cinit        0069
__Hclrtext                   clrtext      0000
__Hcode                      code         0000
__Hcommon                    common       0000
__Hconfig                    config       2008
__HcstackBANK0               cstackBANK0  0000
__HcstackBANK1               cstackBANK1  0000
__HcstackBANK2               cstackBANK2  0000
__HcstackBANK3               cstackBANK3  0000
__HcstackCOMMON              cstackCOMMON 0000
__HdataBANK0                 dataBANK0    0000
__HdataBANK1                 dataBANK1    0000
__HdataBANK3                 dataBANK3    0000
__Heeprom_data               eeprom_data  0000
__Hend_init                  end_init     0013
__Hfunctab                   functab      0000
__HidataBANK0                idataBANK0   0000
__HidataBANK1                idataBANK1   0000
__HidataBANK3                idataBANK3   0000
__Hidloc                     idloc        2004
__Hinit                      init         0010
__Hintentry                  intentry     0010
__Hmaintext                  maintext     0000
__Hpowerup                   powerup      0000
__Hram                       ram          0000
__Hreset_vec                 reset_vec    0003
__Hsfr0                      sfr0         0000
__Hsfr1                      sfr1         0000
__Hsfr2                      sfr2         0000
__Hsfr3                      sfr3         0000
__Hspace_0                   (abs)        1800
__Hspace_1                   (abs)        01D1
__Hspace_2                   (abs)        0000
__Hspace_3                   (abs)        0000
__Hspace_4                   (abs)        400F
__Hstack                     stack        0000
__Hstrings                   strings      0000
__Hstringtext                stringtext   0000
__Htext                      text         0000
__Labs1                      abs1         0000
__Lbank0                     bank0        0000
__Lbank1                     bank1        0000
__Lbank2                     bank2        0000
__Lbank3                     bank3        0000
__LbssBANK0                  bssBANK0     0000
__LbssBANK1                  bssBANK1     0000
__LbssBANK2                  bssBANK2     0000
__LbssBANK3                  bssBANK3     0000
__Lcinit                     cinit        0013
__Lclrtext                   clrtext      0000
__Lcode                      code         0000
__Lcommon                    common       0000
__Lconfig                    config       0000
__LcstackBANK0               cstackBANK0  0000
__LcstackBANK1               cstackBANK1  0000
__LcstackBANK2               cstackBANK2  0000
__LcstackBANK3               cstackBANK3  0000
__LcstackCOMMON              cstackCOMMON 0000
__LdataBANK0                 dataBANK0    0000
__LdataBANK1                 dataBANK1    0000
__LdataBANK3                 dataBANK3    0000
__Leeprom_data               eeprom_data  0000
__Lend_init                  end_init     0010
__Lfunctab                   functab      0000
__LidataBANK0                idataBANK0   0000
__LidataBANK1                idataBANK1   0000
__LidataBANK3                idataBANK3   0000
__Lidloc                     idloc        0000
__Linit                      init         0010
__Lintentry                  intentry     0004
__Lmaintext                  maintext     0000
__Lpowerup                   powerup      0000
__Lram                       ram          0000
__Lreset_vec                 reset_vec    0000
__Lsfr0                      sfr0         0000
__Lsfr1                      sfr1         0000
__Lsfr2                      sfr2         0000
__Lsfr3                      sfr3         0000
__Lspace_0                   (abs)        0000
__Lspace_1                   (abs)        0000
__Lspace_2                   (abs)        0000
__Lspace_3                   (abs)        0000
__Lspace_4                   (abs)        0000
__Lstack                     stack        0000
__Lstrings                   strings      0000
__Lstringtext                stringtext   0000
__Ltext                      text         0000
__S0                         (abs)        1800
__S1                         (abs)        01D1
__S3                         (abs)        0000
___aldiv                     text16       0DDC
___aldiv@counter             cstackBANK1  00D1
___aldiv@dividend            cstackBANK1  00CC
___aldiv@divisor             cstackBANK1  00C8
___aldiv@quotient            cstackBANK1  00D3
___aldiv@sign                cstackBANK1  00D2
___almod                     text15       0D4D
___almod@counter             cstackBANK1  00A8
___almod@dividend            cstackBANK1  00A4
___almod@divisor             cstackBANK1  00A0
___almod@sign                cstackBANK1  00A9
___awmod                     text22       094B
___awmod@counter             cstackBANK1  00B7
___awmod@dividend            cstackBANK1  00B5
___awmod@divisor             cstackBANK1  00B3
___awmod@sign                cstackBANK1  00B8
___int_sp                    stack        0000
___latbits                   (abs)        0002
___lmul                      text20       17B0
___lmul@multiplicand         cstackBANK1  00A4
___lmul@multiplier           cstackBANK1  00A0
___lmul@product              cstackBANK1  00A8
___sp                        stack        0000
___stackhi                   (abs)        0000
___stacklo                   (abs)        0000
___wmul                      text21       159C
___wmul@multiplicand         cstackBANK1  00BB
___wmul@multiplier           cstackBANK1  00B9
___wmul@product              cstackBANK1  00BD
__end_of_CompareStrings      text3        0AE5
__end_of_ConcatToPacket      text26       17B0
__end_of_ConvertToString     text13       1000
__end_of_Fill                text12       0A75
__end_of_IRS                 text29       0D4D
__end_of_Length              text28       1626
__end_of_SplitPacket         text24       0F26
__end_of_UART_TxChar         text23       154B
__end_of_UART_TxString       text17       0BCE
__end_of_UART_init           text11       16D9
__end_of___aldiv             text16       0E79
__end_of___almod             text15       0DDC
__end_of___awmod             text22       09AA
__end_of___lmul              text20       1800
__end_of___wmul              text21       15C3
__end_of__initialization     cinit        0065
__end_of__stringtab          stringtext   0712
__end_of_colMask             stringtext   0725
__end_of_eeprom_read         text10       083B
__end_of_eeprom_write        text2        165D
__end_of_init_LCD            text8        0A0F
__end_of_init_NumPad         text7        155C
__end_of_init_PIC            text4        0B59
__end_of_init_Timer0         text6        1575
__end_of_keys                stringtext   071E
__end_of_lcdPrint            text5        0891
__end_of_lcdSend             text9        15F0
__end_of_main                maintext     0459
__end_of_pow                 text14       1699
__end_of_rand                text19       0700
__end_of_read_NumPad         text1        068F
__end_of_rowMask             stringtext   0722
__end_of_srand               text18       152F
__end_of_strcat              text27       0CC3
__end_of_strcopy             text25       094B
__end_ofi1_UART_TxChar       text36       153D
__end_ofi1_UART_TxString     text30       0C47
__end_ofi1___awmod           text35       08EC
__end_ofi1___lmul            text33       171F
__end_ofi1___wmul            text34       159C
__end_ofi1_rand              text32       1766
__end_ofi1_srand             text31       1526
__initialization             cinit        0013
__pbssBANK0                  bssBANK0     003E
__pbssBANK1                  bssBANK1     00E4
__pbssBANK2                  bssBANK2     0110
__pbssBANK3                  bssBANK3     0190
__pcstackBANK0               cstackBANK0  0020
__pcstackBANK1               cstackBANK1  00A0
__pcstackBANK2               cstackBANK2  0142
__pcstackBANK3               cstackBANK3  01CB
__pcstackCOMMON              cstackCOMMON 0070
__pdataBANK0                 dataBANK0    0050
__pdataBANK1                 dataBANK1    00EF
__pdataBANK3                 dataBANK3    01CF
__pidataBANK0                idataBANK0   1511
__pidataBANK1                idataBANK1   0003
__pidataBANK3                idataBANK3   081A
__pintentry                  intentry     0004
__pmaintext                  maintext     0069
__pstringtext                stringtext   0700
__ptext1                     text1        0459
__ptext10                    text10       081C
__ptext11                    text11       1699
__ptext12                    text12       0A0F
__ptext13                    text13       0F26
__ptext14                    text14       165D
__ptext15                    text15       0D4D
__ptext16                    text16       0DDC
__ptext17                    text17       0B59
__ptext18                    text18       1526
__ptext19                    text19       068F
__ptext2                     text2        1626
__ptext20                    text20       17B0
__ptext21                    text21       159C
__ptext22                    text22       094B
__ptext23                    text23       153D
__ptext24                    text24       0E79
__ptext25                    text25       08EC
__ptext26                    text26       1766
__ptext27                    text27       0C47
__ptext28                    text28       15F0
__ptext29                    text29       0CC3
__ptext3                     text3        0A75
__ptext30                    text30       0BCE
__ptext31                    text31       151D
__ptext32                    text32       171F
__ptext33                    text33       16D9
__ptext34                    text34       1575
__ptext35                    text35       0891
__ptext36                    text36       152F
__ptext4                     text4        0AE5
__ptext5                     text5        083B
__ptext6                     text6        155C
__ptext7                     text7        154B
__ptext8                     text8        09AA
__ptext9                     text9        15C3
__stringbase                 stringtext   0712
__stringtab                  stringtext   0700
_colMask                     stringtext   0722
_colScan                     bssBANK1     00EE
_compare                     bssBANK3     019B
_dato                        bssBANK2     0110
_datoSeriale                 bssBANK0     003F
_datoTastierino              bssBANK3     01A3
_eeprom_read                 text10       081C
_eeprom_write                text2        1626
_fail                        bssBANK3     0199
_iS                          bssBANK0     003E
_iT                          bssBANK3     019E
_i_id                        bssBANK3     01A2
_id_dest                     bssBANK3     01C3
_init_LCD                    text8        09AA
_init_NumPad                 text7        154B
_init_PIC                    text4        0AE5
_init_Timer0                 text6        155C
_initialize                  dataBANK3    01D0
_keyf                        bssBANK1     00EC
_keypressed                  dataBANK1    00EF
_keys                        stringtext   0712
_lcdPrint                    text5        083B
_lcdSend                     text9        15C3
_main                        maintext     0069
_maxFail                     dataBANK3    01CF
_milliseconds                bssBANK1     00E8
_num_rand                    bssBANK3     0192
_old_iT                      bssBANK3     019D
_old_i_id                    bssBANK3     01A1
_old_num_rand                bssBANK3     0190
_packet                      bssBANK3     01B4
_pow                         text14       165D
_pr_countdown                bssBANK3     0194
_pr_empty                    bssBANK3     0196
_pr_err_max                  bssBANK3     0197
_pr_start                    bssBANK3     0198
_pr_succ                     bssBANK3     0195
_rand                        text19       068F
_randx                       dataBANK0    0050
_read_NumPad                 text1        0459
_recieved                    bssBANK3     019C
_rowMask                     stringtext   071E
_rowScan                     bssBANK1     00ED
_seconds                     bssBANK1     00E4
_source                      bssBANK3     01A0
_srand                       text18       1526
_strcat                      text27       0C47
_strcopy                     text25       08EC
_success                     bssBANK3     019A
_type                        bssBANK3     019F
btemp                        (abs)        007E
clear_ram0                   clrtext      1515
eeprom_read@addr             cstackBANK0  003D
eeprom_write@addr            cstackBANK1  00A0
eeprom_write@value           cstackBANK0  003C
end_of_initialization        cinit        0065
i1UART_TxChar@ch             cstackCOMMON 0071
i1UART_TxString@is_ACK       cstackBANK0  0033
i1UART_TxString@n            cstackBANK0  0036
i1UART_TxString@str          cstackBANK0  0035
i1_UART_TxChar               text36       152F
i1_UART_TxString             text30       0BCE
i1___awmod                   text35       0891
i1___awmod@counter           cstackBANK0  002B
i1___awmod@dividend          cstackBANK0  0029
i1___awmod@divisor           cstackBANK0  0027
i1___awmod@sign              cstackBANK0  002C
i1___lmul                    text33       16D9
i1___lmul@multiplicand       cstackCOMMON 0074
i1___lmul@multiplier         cstackCOMMON 0070
i1___lmul@product            cstackCOMMON 0079
i1___wmul                    text34       1575
i1___wmul@multiplicand       cstackBANK0  002F
i1___wmul@multiplier         cstackBANK0  002D
i1___wmul@product            cstackBANK0  0031
i1_rand                      text32       171F
i1_srand                     text31       151D
i1srand@x                    cstackCOMMON 0070
init_PIC@id                  cstackBANK3  01CD
interrupt_function           intentry     0004
intlevel0                    functab      0000
intlevel1                    functab      0000
intlevel2                    functab      0000
intlevel3                    functab      0000
intlevel4                    functab      0000
intlevel5                    functab      0000
lcdPrint@n                   cstackBANK1  00A7
lcdPrint@str                 cstackBANK1  00A2
lcdSend@dato                 cstackBANK0  003D
lcdSend@tipo                 cstackBANK0  003C
main@num_rand_s              cstackBANK2  0142
main@num_rand_s_231          cstackBANK2  0152
pow@b                        cstackBANK1  00C3
pow@exp                      cstackBANK1  00BF
pow@i                        cstackBANK1  00C4
pow@n                        cstackBANK1  00C6
read_NumPad@id               cstackBANK1  00C9
reset_vec                    reset_vec    0000
saved_w                      (abs)        007E
srand@x                      cstackBANK0  003C
start                        init         0010
start_initialization         cinit        0013
strcat@dest                  cstackBANK1  00AC
strcat@length_dest           cstackBANK1  00AF
strcat@n                     cstackBANK1  00AD
strcat@source                cstackBANK1  00A5
strcopy@dest                 cstackBANK1  00A0
strcopy@n                    cstackBANK0  003C
strcopy@source               cstackBANK1  00A2
wtemp0                       (abs)        007E


MODULE INFORMATION

Module		Function		Class		Link	Load	Size
C:\Program Files\Microchip\xc8\v2.40\pic\sources\c90\pic\__eeread.c
		_eeprom_read   		CODE           	081C	0000	31

C:\Program Files\Microchip\xc8\v2.40\pic\sources\c90\pic\__eeread.c estimated size: 31

C:\Program Files\Microchip\xc8\v2.40\pic\sources\c90\common\aldiv.c
		___aldiv       		CODE           	0DDC	0000	157

C:\Program Files\Microchip\xc8\v2.40\pic\sources\c90\common\aldiv.c estimated size: 157

C:\Program Files\Microchip\xc8\v2.40\pic\sources\c90\common\rand.c
		_srand         		CODE           	1526	0000	9
		_rand          		CODE           	068F	0000	113

C:\Program Files\Microchip\xc8\v2.40\pic\sources\c90\common\rand.c estimated size: 122

C:\Program Files\Microchip\xc8\v2.40\pic\sources\c90\common\Umul16.c
		___wmul        		CODE           	159C	0000	39

C:\Program Files\Microchip\xc8\v2.40\pic\sources\c90\common\Umul16.c estimated size: 39

shared
		__stringtab    		STRCODE        	0700	0000	18
		i1_rand        		CODE           	171F	0000	71
		_rowMask       		STRCODE        	071E	0000	4
		i1___wmul      		CODE           	1575	0000	39
		i1_UART_TxChar 		CODE           	152F	0000	14
		_keys          		STRCODE        	0712	0000	12
		__initialization		CODE           	0013	0000	82
		i1___lmul      		CODE           	16D9	0000	70
		i1___awmod     		CODE           	0891	0000	91
		_colMask       		STRCODE        	0722	0000	3
		i1_srand       		CODE           	151D	0000	9
		i1_UART_TxString		CODE           	0BCE	0000	121

shared estimated size: 534

C:\Program Files\Microchip\xc8\v2.40\pic\sources\c90\pic\__eewrite.c
		_eeprom_write  		CODE           	1626	0000	55

C:\Program Files\Microchip\xc8\v2.40\pic\sources\c90\pic\__eewrite.c estimated size: 55

C:\Program Files\Microchip\xc8\v2.40\pic\sources\c90\common\awmod.c
		___awmod       		CODE           	094B	0000	95

C:\Program Files\Microchip\xc8\v2.40\pic\sources\c90\common\awmod.c estimated size: 95

C:\Program Files\Microchip\xc8\v2.40\pic\sources\c90\common\Umul32.c
		___lmul        		CODE           	17B0	0000	80

C:\Program Files\Microchip\xc8\v2.40\pic\sources\c90\common\Umul32.c estimated size: 80

main.c
		_Fill          		CODE           	0A0F	0000	102
		_ConvertToString		CODE           	0F26	0000	218
		_UART_TxString 		CODE           	0B59	0000	117
		_strcopy       		CODE           	08EC	0000	95
		_ConcatToPacket		CODE           	1766	0000	74
		_init_PIC      		CODE           	0AE5	0000	116
		_CompareStrings		CODE           	0A75	0000	112
		_IRS           		CODE           	0CC3	0000	138
		_UART_init     		CODE           	1699	0000	64
		_SplitPacket   		CODE           	0E79	0000	173
		_main          		CODE           	0069	0000	1008
		_Length        		CODE           	15F0	0000	54
		_init_Timer0   		CODE           	155C	0000	25
		_init_LCD      		CODE           	09AA	0000	101
		_init_NumPad   		CODE           	154B	0000	17
		_pow           		CODE           	165D	0000	60
		_strcat        		CODE           	0C47	0000	124
		_lcdSend       		CODE           	15C3	0000	45
		_read_NumPad   		CODE           	0459	0000	566
		_lcdPrint      		CODE           	083B	0000	86
		_UART_TxChar   		CODE           	153D	0000	14

main.c estimated size: 3309

C:\Program Files\Microchip\xc8\v2.40\pic\sources\c90\common\almod.c
		___almod       		CODE           	0D4D	0000	143

C:\Program Files\Microchip\xc8\v2.40\pic\sources\c90\common\almod.c estimated size: 143

