Microchip MPLAB XC8 Compiler V2.40

Linker command line:

-W-3 \
  --edf=C:\Program Files\Microchip\xc8\v2.40\pic\dat\20220703182018_en.msgs \
  -cn -h+dist/default/production\Project_Work.X.production.sym \
  --cmf=dist/default/production\Project_Work.X.production.cmf -z -Q16F877A \
  -oC:\Users\ADMINI~1\AppData\Local\Temp\xcAspmg.4 --defsym=__MPLAB_BUILD=1 \
  --fixupoverflow=error \
  -Mdist/default/production/Project_Work.X.production.map \
  --md=C:\Users\ADMINI~1\AppData\Local\Temp\xcAspmg.dat -E1 \
  -ver=XC8 Compiler --acfsm=1493 -ACODE=00h-07FFhx4 -ASTRCODE=00h-01FFFh \
  -ASTRING=00h-0FFhx32 -ACONST=00h-0FFhx32 -AENTRY=00h-0FFhx32 \
  -ACOMMON=070h-07Fh -ABANK0=020h-06Fh -ABANK1=0A0h-0EFh \
  -ABANK2=0110h-016Fh -ABANK3=0190h-01EFh \
  -ARAM=020h-06Fh,0A0h-0EFh,0110h-016Fh,0190h-01EFh \
  -AABS1=020h-07Fh,0A0h-0EFh,0110h-016Fh,0190h-01EFh -ASFR0=00h-01Fh \
  -ASFR1=080h-09Fh -ASFR2=0100h-010Fh -ASFR3=0180h-018Fh \
  -ACONFIG=02007h-02007h -DCONFIG=2 -AIDLOC=02000h-02003h -DIDLOC=2 \
  -AEEDATA=00h-0FFh/02100h -peeprom_data=EEDATA -DEEDATA=2 -DCODE=2 \
  -DSTRCODE=2 -DSTRING=2 -DCONST=2 -DENTRY=2 \
  -preset_vec=00h,intentry=04h,init,end_init -ppowerup=CODE -pcinit=CODE \
  -pfunctab=ENTRY -k C:\Users\ADMINI~1\AppData\Local\Temp\xcAspmg.o \
  dist/default/production\Project_Work.X.production.o 

Object code version is 3.11

Machine type is 16F877A



                Name                               Link     Load   Length Selector   Space Scale
C:\Users\ADMINI~1\AppData\Local\Temp\xcAspmg.o
                end_init                             10       10        3        8       0
                reset_vec                             0        0        3        0       0
                config                             2007     2007        1        0       4
                idloc                              2000     2000        4        0       5
dist/default/production\Project_Work.X.production.o
                cinit                                13       13       56        8       0
                intentry                              4        4        C        8       0
                config                             2007     2007        1        0       4
                idloc                              2000     2000        4        0       5
                text36                             15B5     15B5        E     2B6A       0
                text35                              926      926       5B     124C       0
                text34                             161F     161F       27     2C3E       0
                text33                             172C     172C       46     2E58       0
                text32                             1772     1772       47     2EE4       0
                text31                             15A1     15A1        9     2B42       0
                text30                              C51      C51       79     18A2       0
                text29                              DCB      DCB       8E     1B96       0
                text28                              6D0      6D0       28        8       0
                text27                              BDD      BDD       74     17BA       0
                text26                              886      886       4A     110C       0
                text25                             17B9     17B9       47     2F72       0
                text24                              62B      62B       A5        8       0
                text23                             15D2     15D2       17     2BA4       0
                text22                              981      981       5B     1302       0
                text21                              817      817       27     102E       0
                text20                              83E      83E       48     107C       0
                text19                              B6C      B6C       71     16D8       0
                text18                             15C3     15C3        F     2B86       0
                text17                              AFD      AFD       6F     15FA       0
                text16                              E59      E59       9D     1CB2       0
                text15                              D44      D44       87     1A88       0
                text14                             16B0     16B0       3C     2D60       0
                text13                              EF6      EF6      10A     1DEC       0
                text12                              A38      A38       5E     1470       0
                text11                             16EC     16EC       40     2DD8       0
                text10                             1600     1600       1F     2C00       0
                text9                              1646     1646       33     2C8C       0
                text8                               A96      A96       67     152C       0
                text7                              15AA     15AA        B     2B54       0
                text6                              15E9     15E9       17     2BD2       0
                text5                               8D0      8D0       56     11A0       0
                text4                               CCA      CCA       7A     1994       0
                text3                               9DC      9DC       5C     13B8       0
                text2                              1679     1679       37     2CF2       0
                text1                               40B      40B      220        8       0
                maintext                             69       69      3A2        8       0
                cstackBANK0                          20       20       1C       20       1
                cstackCOMMON                         70       70        E       70       1
                cstackBANK1                          A0       A0       43       A0       1
                cstackBANK2                         142      142       20      110       1
                cstackBANK3                         1CA      1CA        9      190       1
                clrtext                             6F8      6F8        8        8       0
                bssBANK2                            110      110       32      110       1
                dataBANK3                           1D3      1D3        2      190       1
                bssBANK3                            190      190       3A      190       1
                dataBANK1                            EE       EE        1       A0       1
                bssBANK1                             E3       E3        B       A0       1
                dataBANK0                            50       50        4       20       1
                bssBANK0                             3C       3C       14       20       1
                stringtext                          700      700      110        E       0
                idataBANK3                          811      811        2     1022       0
                idataBANK1                            3        3        1        0       0
                idataBANK0                          813      813        4     1026       0

TOTAL           Name                               Link     Load   Length     Space
        CLASS   CODE           
                end_init                             10       10        3         0
                cinit                                13       13       56         0
                intentry                              4        4        C         0
                reset_vec                             0        0        3         0
                text36                             15B5     15B5        E         0
                text35                              926      926       5B         0
                text34                             161F     161F       27         0
                text33                             172C     172C       46         0
                text32                             1772     1772       47         0
                text31                             15A1     15A1        9         0
                text30                              C51      C51       79         0
                text29                              DCB      DCB       8E         0
                text28                              6D0      6D0       28         0
                text27                              BDD      BDD       74         0
                text26                              886      886       4A         0
                text25                             17B9     17B9       47         0
                text24                              62B      62B       A5         0
                text23                             15D2     15D2       17         0
                text22                              981      981       5B         0
                text21                              817      817       27         0
                text20                              83E      83E       48         0
                text19                              B6C      B6C       71         0
                text18                             15C3     15C3        F         0
                text17                              AFD      AFD       6F         0
                text16                              E59      E59       9D         0
                text15                              D44      D44       87         0
                text14                             16B0     16B0       3C         0
                text13                              EF6      EF6      10A         0
                text12                              A38      A38       5E         0
                text11                             16EC     16EC       40         0
                text10                             1600     1600       1F         0
                text9                              1646     1646       33         0
                text8                               A96      A96       67         0
                text7                              15AA     15AA        B         0
                text6                              15E9     15E9       17         0
                text5                               8D0      8D0       56         0
                text4                               CCA      CCA       7A         0
                text3                               9DC      9DC       5C         0
                text2                              1679     1679       37         0
                text1                               40B      40B      220         0
                maintext                             69       69      3A2         0
                clrtext                             6F8      6F8        8         0
                idataBANK3                          811      811        2         0
                idataBANK1                            3        3        1         0
                idataBANK0                          813      813        4         0

        CLASS   STRCODE        
                stringtext                          700      700      110         0

        CLASS   STRING         

        CLASS   CONST          

        CLASS   ENTRY          

        CLASS   COMMON         
                cstackCOMMON                         70       70        E         1

        CLASS   BANK0          
                cstackBANK0                          20       20       1C         1
                dataBANK0                            50       50        4         1
                bssBANK0                             3C       3C       14         1

        CLASS   BANK1          
                cstackBANK1                          A0       A0       43         1
                dataBANK1                            EE       EE        1         1
                bssBANK1                             E3       E3        B         1

        CLASS   BANK2          
                cstackBANK2                         142      142       20         1
                bssBANK2                            110      110       32         1

        CLASS   BANK3          
                cstackBANK3                         1CA      1CA        9         1
                dataBANK3                           1D3      1D3        2         1
                bssBANK3                            190      190       3A         1

        CLASS   RAM            

        CLASS   ABS1           
                abs_s1                               7E       7E        2         1

        CLASS   SFR0           

        CLASS   SFR1           

        CLASS   SFR2           

        CLASS   SFR3           

        CLASS   CONFIG         
                config                             2007     2007        1         4

        CLASS   IDLOC          
                idloc                              2000     2000        4         5

        CLASS   EEDATA         

        CLASS   STACK          



SEGMENTS        Name                           Load    Length   Top    Selector   Space  Class     Delta

                reset_vec                      000000  000004  000004         0       0  CODE        2
                intentry                       000004  0006FC  000700         8       0  CODE        2
                cstackBANK0                    000020  000034  000054        20       1  BANK0       1
                cstackCOMMON                   000070  00000E  00007E        70       1  COMMON      1
                cstackBANK1                    0000A0  00004F  0000EF        A0       1  BANK1       1
                bssBANK2                       000110  000052  000162       110       1  BANK2       1
                bssBANK3                       000190  000045  0001D5       190       1  BANK3       1
                stringtext                     000700  000110  000810         E       0  STRCODE     2
                idataBANK3                     000811  000002  000813      1022       0  CODE        2
                idataBANK0                     000813  000004  000817      1026       0  CODE        2
                text21                         000817  000027  00083E      102E       0  CODE        2
                text20                         00083E  000048  000886      107C       0  CODE        2
                text26                         000886  00004A  0008D0      110C       0  CODE        2
                text5                          0008D0  000056  000926      11A0       0  CODE        2
                text35                         000926  00005B  000981      124C       0  CODE        2
                text22                         000981  00005B  0009DC      1302       0  CODE        2
                text3                          0009DC  00005C  000A38      13B8       0  CODE        2
                text12                         000A38  00005E  000A96      1470       0  CODE        2
                text8                          000A96  000067  000AFD      152C       0  CODE        2
                text17                         000AFD  00006F  000B6C      15FA       0  CODE        2
                text19                         000B6C  000071  000BDD      16D8       0  CODE        2
                text27                         000BDD  000074  000C51      17BA       0  CODE        2
                text30                         000C51  000079  000CCA      18A2       0  CODE        2
                text4                          000CCA  00007A  000D44      1994       0  CODE        2
                text15                         000D44  000087  000DCB      1A88       0  CODE        2
                text29                         000DCB  00008E  000E59      1B96       0  CODE        2
                text16                         000E59  00009D  000EF6      1CB2       0  CODE        2
                text13                         000EF6  00010A  001000      1DEC       0  CODE        2
                text31                         0015A1  000009  0015AA      2B42       0  CODE        2
                text7                          0015AA  00000B  0015B5      2B54       0  CODE        2
                text36                         0015B5  00000E  0015C3      2B6A       0  CODE        2
                text18                         0015C3  00000F  0015D2      2B86       0  CODE        2
                text23                         0015D2  000017  0015E9      2BA4       0  CODE        2
                text6                          0015E9  000017  001600      2BD2       0  CODE        2
                text10                         001600  00001F  00161F      2C00       0  CODE        2
                text34                         00161F  000027  001646      2C3E       0  CODE        2
                text9                          001646  000033  001679      2C8C       0  CODE        2
                text2                          001679  000037  0016B0      2CF2       0  CODE        2
                text14                         0016B0  00003C  0016EC      2D60       0  CODE        2
                text11                         0016EC  000040  00172C      2DD8       0  CODE        2
                text33                         00172C  000046  001772      2E58       0  CODE        2
                text32                         001772  000047  0017B9      2EE4       0  CODE        2
                text25                         0017B9  000047  001800      2F72       0  CODE        2


UNUSED ADDRESS RANGES

        Name                Unused          Largest block    Delta
        BANK0            0054-006F             1C           1
        BANK1            00EF-00EF              1           1
        BANK2            0162-016F              E           1
        BANK3            01D5-01EF             1B           1
        CODE             0810-0810              1           2
                         1000-15A0            5A1
                         1800-1FFF            800
        CONST            0810-0810              1           2
                         1000-15A0            100
                         1800-1FFF            100
        EEDATA           2100-21FF            100           2
        ENTRY            0810-0810              1           2
                         1000-15A0            100
                         1800-1FFF            100
        RAM              0054-006F             1C           1
                         00EF-00EF              1
                         0162-016F              E
                         01D5-01EF             1B
        SFR0             0000-001F             20           1
        SFR1             0080-009F             20           1
        SFR2             0100-010F             10           1
        SFR3             0180-018F             10           1
        STRCODE          0810-0810              1           2
                         1000-15A0            5A1
                         1800-1FFF            800
        STRING           0810-0810              1           2
                         1000-15A0            100
                         1800-1FFF            100

                                  Symbol Table

?_Length                     cstackBANK1  00A0
?___aldiv                    cstackBANK1  00CA
?___almod                    cstackBANK1  00A0
?___awmod                    cstackBANK1  00B4
?___lmul                     cstackBANK1  00A0
?___wmul                     cstackBANK1  00BB
?_pow                        cstackBANK1  00C1
?_rand                       cstackBANK1  00AD
?_strcat                     cstackBANK1  00A7
?i1___awmod                  cstackBANK0  0027
?i1___lmul                   cstackCOMMON 0070
?i1___wmul                   cstackBANK0  002D
?i1_rand                     cstackBANK0  0020
CompareStrings@i             cstackBANK1  00AE
CompareStrings@str1          cstackBANK1  00A7
CompareStrings@str2          cstackBANK1  00A9
ConcatToPacket@delim         cstackBANK1  00B5
ConcatToPacket@packet_length cstackBANK1  00B7
ConcatToPacket@pkt           cstackBANK1  00B9
ConcatToPacket@str           cstackBANK1  00B3
ConvertToString@i            cstackBANK3  01CE
ConvertToString@j            cstackBANK3  01CC
ConvertToString@n            cstackBANK1  00D9
ConvertToString@n_cifre      cstackBANK3  01D0
ConvertToString@str          cstackBANK1  00DD
ConvertToString@temp         cstackBANK3  01CA
Fill@id                      cstackBANK1  00AA
Fill@length                  cstackBANK1  00A8
Length@len                   cstackBANK1  00A5
Length@str                   cstackBANK1  00A0
SplitPacket@i                cstackBANK1  00B9
SplitPacket@i_part           cstackBANK1  00B6
SplitPacket@len              cstackBANK1  00AD
SplitPacket@part             cstackBANK1  00AF
SplitPacket@pkt              cstackBANK1  00B8
SplitPacket@section          cstackBANK1  00B4
UART_TxChar@ch               cstackBANK1  00A1
UART_TxString@is_ACK         cstackBANK1  00C1
UART_TxString@n              cstackBANK1  00C3
UART_TxString@str            cstackBANK1  00C5
UART_init@baudrate           cstackBANK1  00D9
_CompareStrings              text3        09DC
_ConcatToPacket              text26       0886
_ConvertToString             text13       0EF6
_EEADR                       (abs)        010D
_EECON1                      (abs)        018C
_EECON1bits                  (abs)        018C
_EECON2                      (abs)        018D
_EEDATA                      (abs)        010C
_Fill                        text12       0A38
_INTCON                      (abs)        000B
_INTCONbits                  (abs)        000B
_IRS                         text29       0DCB
_Length                      text28       06D0
_OPTION_REG                  (abs)        0081
_PIC_ID                      bssBANK3     01C6
_PIE1                        (abs)        008C
_PIR1                        (abs)        000C
_PORTB                       (abs)        0006
_PORTD                       (abs)        0008
_PORTEbits                   (abs)        0009
_RCIF                        (abs)        0065
_RCREG                       (abs)        001A
_RCSTA                       (abs)        0018
_SPBRG                       (abs)        0099
_STATUSbits                  (abs)        0003
_SplitPacket                 text24       062B
_T0IF                        (abs)        005A
_TMR0                        (abs)        0001
_TRISB                       (abs)        0086
_TRISC                       (abs)        0087
_TRISD                       (abs)        0088
_TRISEbits                   (abs)        0089
_TXREG                       (abs)        0019
_TXSTA                       (abs)        0098
_UART_TxChar                 text23       15D2
_UART_TxString               text17       0AFD
_UART_init                   text11       16EC
__Habs1                      abs1         0000
__Hbank0                     bank0        0000
__Hbank1                     bank1        0000
__Hbank2                     bank2        0000
__Hbank3                     bank3        0000
__HbssBANK0                  bssBANK0     0000
__HbssBANK1                  bssBANK1     0000
__HbssBANK2                  bssBANK2     0000
__HbssBANK3                  bssBANK3     0000
__Hcinit                     cinit        0069
__Hclrtext                   clrtext      0000
__Hcode                      code         0000
__Hcommon                    common       0000
__Hconfig                    config       2008
__HcstackBANK0               cstackBANK0  0000
__HcstackBANK1               cstackBANK1  0000
__HcstackBANK2               cstackBANK2  0000
__HcstackBANK3               cstackBANK3  0000
__HcstackCOMMON              cstackCOMMON 0000
__HdataBANK0                 dataBANK0    0000
__HdataBANK1                 dataBANK1    0000
__HdataBANK3                 dataBANK3    0000
__Heeprom_data               eeprom_data  0000
__Hend_init                  end_init     0013
__Hfunctab                   functab      0000
__HidataBANK0                idataBANK0   0000
__HidataBANK1                idataBANK1   0000
__HidataBANK3                idataBANK3   0000
__Hidloc                     idloc        2004
__Hinit                      init         0010
__Hintentry                  intentry     0010
__Hmaintext                  maintext     0000
__Hpowerup                   powerup      0000
__Hram                       ram          0000
__Hreset_vec                 reset_vec    0003
__Hsfr0                      sfr0         0000
__Hsfr1                      sfr1         0000
__Hsfr2                      sfr2         0000
__Hsfr3                      sfr3         0000
__Hspace_0                   (abs)        1800
__Hspace_1                   (abs)        01D5
__Hspace_2                   (abs)        0000
__Hspace_3                   (abs)        0000
__Hspace_4                   (abs)        400F
__Hstack                     stack        0000
__Hstrings                   strings      0000
__Hstringtext                stringtext   0000
__Htext                      text         0000
__Labs1                      abs1         0000
__Lbank0                     bank0        0000
__Lbank1                     bank1        0000
__Lbank2                     bank2        0000
__Lbank3                     bank3        0000
__LbssBANK0                  bssBANK0     0000
__LbssBANK1                  bssBANK1     0000
__LbssBANK2                  bssBANK2     0000
__LbssBANK3                  bssBANK3     0000
__Lcinit                     cinit        0013
__Lclrtext                   clrtext      0000
__Lcode                      code         0000
__Lcommon                    common       0000
__Lconfig                    config       0000
__LcstackBANK0               cstackBANK0  0000
__LcstackBANK1               cstackBANK1  0000
__LcstackBANK2               cstackBANK2  0000
__LcstackBANK3               cstackBANK3  0000
__LcstackCOMMON              cstackCOMMON 0000
__LdataBANK0                 dataBANK0    0000
__LdataBANK1                 dataBANK1    0000
__LdataBANK3                 dataBANK3    0000
__Leeprom_data               eeprom_data  0000
__Lend_init                  end_init     0010
__Lfunctab                   functab      0000
__LidataBANK0                idataBANK0   0000
__LidataBANK1                idataBANK1   0000
__LidataBANK3                idataBANK3   0000
__Lidloc                     idloc        0000
__Linit                      init         0010
__Lintentry                  intentry     0004
__Lmaintext                  maintext     0000
__Lpowerup                   powerup      0000
__Lram                       ram          0000
__Lreset_vec                 reset_vec    0000
__Lsfr0                      sfr0         0000
__Lsfr1                      sfr1         0000
__Lsfr2                      sfr2         0000
__Lsfr3                      sfr3         0000
__Lspace_0                   (abs)        0000
__Lspace_1                   (abs)        0000
__Lspace_2                   (abs)        0000
__Lspace_3                   (abs)        0000
__Lspace_4                   (abs)        0000
__Lstack                     stack        0000
__Lstrings                   strings      0000
__Lstringtext                stringtext   0000
__Ltext                      text         0000
__S0                         (abs)        1800
__S1                         (abs)        01D5
__S3                         (abs)        0000
___aldiv                     text16       0E59
___aldiv@counter             cstackBANK1  00D3
___aldiv@dividend            cstackBANK1  00CE
___aldiv@divisor             cstackBANK1  00CA
___aldiv@quotient            cstackBANK1  00D5
___aldiv@sign                cstackBANK1  00D4
___almod                     text15       0D44
___almod@counter             cstackBANK1  00A9
___almod@dividend            cstackBANK1  00A4
___almod@divisor             cstackBANK1  00A0
___almod@sign                cstackBANK1  00AA
___awmod                     text22       0981
___awmod@counter             cstackBANK1  00B9
___awmod@dividend            cstackBANK1  00B6
___awmod@divisor             cstackBANK1  00B4
___awmod@sign                cstackBANK1  00BA
___int_sp                    stack        0000
___latbits                   (abs)        0002
___lmul                      text20       083E
___lmul@multiplicand         cstackBANK1  00A4
___lmul@multiplier           cstackBANK1  00A0
___lmul@product              cstackBANK1  00A9
___sp                        stack        0000
___stackhi                   (abs)        0000
___stacklo                   (abs)        0000
___wmul                      text21       0817
___wmul@multiplicand         cstackBANK1  00BD
___wmul@multiplier           cstackBANK1  00BB
___wmul@product              cstackBANK1  00BF
__end_of_CompareStrings      text3        0A38
__end_of_ConcatToPacket      text26       08D0
__end_of_ConvertToString     text13       1000
__end_of_Fill                text12       0A96
__end_of_IRS                 text29       0E59
__end_of_Length              text28       06F8
__end_of_SplitPacket         text24       06D0
__end_of_UART_TxChar         text23       15E9
__end_of_UART_TxString       text17       0B6C
__end_of_UART_init           text11       172C
__end_of___aldiv             text16       0EF6
__end_of___almod             text15       0DCB
__end_of___awmod             text22       09DC
__end_of___lmul              text20       0886
__end_of___wmul              text21       083E
__end_of__initialization     cinit        0065
__end_of__stringtab          stringtext   0712
__end_of_colMask             stringtext   0725
__end_of_eeprom_read         text10       161F
__end_of_eeprom_write        text2        16B0
__end_of_init_LCD            text8        0AFD
__end_of_init_NumPad         text7        15B5
__end_of_init_PIC            text4        0D44
__end_of_init_Timer0         text6        1600
__end_of_keys                stringtext   071E
__end_of_lcdPrint            text5        0926
__end_of_lcdSend             text9        1679
__end_of_main                maintext     040B
__end_of_pow                 text14       16EC
__end_of_rand                text19       0BDD
__end_of_read_NumPad         text1        062B
__end_of_rowMask             stringtext   0722
__end_of_srand               text18       15D2
__end_of_strcat              text27       0C51
__end_of_strcopy             text25       1800
__end_ofi1_UART_TxChar       text36       15C3
__end_ofi1_UART_TxString     text30       0CCA
__end_ofi1___awmod           text35       0981
__end_ofi1___lmul            text33       1772
__end_ofi1___wmul            text34       1646
__end_ofi1_rand              text32       17B9
__end_ofi1_srand             text31       15AA
__initialization             cinit        0013
__pbssBANK0                  bssBANK0     003C
__pbssBANK1                  bssBANK1     00E3
__pbssBANK2                  bssBANK2     0110
__pbssBANK3                  bssBANK3     0190
__pcstackBANK0               cstackBANK0  0020
__pcstackBANK1               cstackBANK1  00A0
__pcstackBANK2               cstackBANK2  0142
__pcstackBANK3               cstackBANK3  01CA
__pcstackCOMMON              cstackCOMMON 0070
__pdataBANK0                 dataBANK0    0050
__pdataBANK1                 dataBANK1    00EE
__pdataBANK3                 dataBANK3    01D3
__pidataBANK0                idataBANK0   0813
__pidataBANK1                idataBANK1   0003
__pidataBANK3                idataBANK3   0811
__pintentry                  intentry     0004
__pmaintext                  maintext     0069
__pstringtext                stringtext   0700
__ptext1                     text1        040B
__ptext10                    text10       1600
__ptext11                    text11       16EC
__ptext12                    text12       0A38
__ptext13                    text13       0EF6
__ptext14                    text14       16B0
__ptext15                    text15       0D44
__ptext16                    text16       0E59
__ptext17                    text17       0AFD
__ptext18                    text18       15C3
__ptext19                    text19       0B6C
__ptext2                     text2        1679
__ptext20                    text20       083E
__ptext21                    text21       0817
__ptext22                    text22       0981
__ptext23                    text23       15D2
__ptext24                    text24       062B
__ptext25                    text25       17B9
__ptext26                    text26       0886
__ptext27                    text27       0BDD
__ptext28                    text28       06D0
__ptext29                    text29       0DCB
__ptext3                     text3        09DC
__ptext30                    text30       0C51
__ptext31                    text31       15A1
__ptext32                    text32       1772
__ptext33                    text33       172C
__ptext34                    text34       161F
__ptext35                    text35       0926
__ptext36                    text36       15B5
__ptext4                     text4        0CCA
__ptext5                     text5        08D0
__ptext6                     text6        15E9
__ptext7                     text7        15AA
__ptext8                     text8        0A96
__ptext9                     text9        1646
__stringbase                 stringtext   0712
__stringtab                  stringtext   0700
_colMask                     stringtext   0722
_colScan                     bssBANK1     00ED
_compare                     bssBANK3     019A
_countSeconds                bssBANK0     003C
_dato                        bssBANK2     0110
_datoSeriale                 bssBANK0     003F
_datoTastierino              bssBANK3     01A2
_eeprom_read                 text10       1600
_eeprom_write                text2        1679
_fail                        bssBANK3     0198
_iS                          bssBANK0     003E
_iT                          bssBANK3     019D
_i_id                        bssBANK3     01A1
_id_dest                     bssBANK3     01C2
_init_LCD                    text8        0A96
_init_NumPad                 text7        15AA
_init_PIC                    text4        0CCA
_init_Timer0                 text6        15E9
_initialize                  dataBANK3    01D4
_keyf                        bssBANK1     00EB
_keypressed                  dataBANK1    00EE
_keys                        stringtext   0712
_lcdPrint                    text5        08D0
_lcdSend                     text9        1646
_main                        maintext     0069
_maxFail                     dataBANK3    01D3
_milliseconds                bssBANK1     00E7
_num_rand                    bssBANK3     0192
_old_iT                      bssBANK3     019C
_old_i_id                    bssBANK3     01A0
_old_num_rand                bssBANK3     0190
_packet                      bssBANK3     01B3
_pow                         text14       16B0
_pr_countdown                bssBANK3     0194
_pr_err_max                  bssBANK3     0196
_pr_start                    bssBANK3     0197
_pr_succ                     bssBANK3     0195
_rand                        text19       0B6C
_randx                       dataBANK0    0050
_read_NumPad                 text1        040B
_recieved                    bssBANK3     019B
_rowMask                     stringtext   071E
_rowScan                     bssBANK1     00EC
_seconds                     bssBANK1     00E3
_source                      bssBANK3     019F
_srand                       text18       15C3
_strcat                      text27       0BDD
_strcopy                     text25       17B9
_success                     bssBANK3     0199
_type                        bssBANK3     019E
btemp                        (abs)        007E
clear_ram0                   clrtext      06F8
eeprom_read@addr             cstackBANK1  00A1
eeprom_write@addr            cstackBANK1  00A2
eeprom_write@value           cstackBANK1  00A0
end_of_initialization        cinit        0065
i1UART_TxChar@ch             cstackCOMMON 0071
i1UART_TxString@is_ACK       cstackBANK0  0033
i1UART_TxString@n            cstackBANK0  0036
i1UART_TxString@str          cstackBANK0  0035
i1_UART_TxChar               text36       15B5
i1_UART_TxString             text30       0C51
i1___awmod                   text35       0926
i1___awmod@counter           cstackBANK0  002B
i1___awmod@dividend          cstackBANK0  0029
i1___awmod@divisor           cstackBANK0  0027
i1___awmod@sign              cstackBANK0  002C
i1___lmul                    text33       172C
i1___lmul@multiplicand       cstackCOMMON 0074
i1___lmul@multiplier         cstackCOMMON 0070
i1___lmul@product            cstackCOMMON 0079
i1___wmul                    text34       161F
i1___wmul@multiplicand       cstackBANK0  002F
i1___wmul@multiplier         cstackBANK0  002D
i1___wmul@product            cstackBANK0  0031
i1_rand                      text32       1772
i1_srand                     text31       15A1
i1srand@x                    cstackCOMMON 0070
init_PIC@id                  cstackBANK3  01D1
interrupt_function           intentry     0004
intlevel0                    functab      0000
intlevel1                    functab      0000
intlevel2                    functab      0000
intlevel3                    functab      0000
intlevel4                    functab      0000
intlevel5                    functab      0000
lcdPrint@n                   cstackBANK1  00A9
lcdPrint@str                 cstackBANK1  00A4
lcdSend@dato                 cstackBANK1  00A3
lcdSend@tipo                 cstackBANK1  00A0
main@num_rand_s              cstackBANK2  0142
main@num_rand_s_228          cstackBANK2  0152
pow@b                        cstackBANK1  00C5
pow@exp                      cstackBANK1  00C1
pow@i                        cstackBANK1  00C6
pow@n                        cstackBANK1  00C8
read_NumPad@id               cstackBANK1  00CB
reset_vec                    reset_vec    0000
saved_w                      (abs)        007E
srand@x                      cstackBANK1  00A0
start                        init         0010
start_initialization         cinit        0013
strcat@dest                  cstackBANK1  00AE
strcat@length_dest           cstackBANK1  00B1
strcat@n                     cstackBANK1  00AF
strcat@source                cstackBANK1  00A7
strcopy@dest                 cstackBANK1  00A0
strcopy@n                    cstackBANK1  00A8
strcopy@source               cstackBANK1  00A2
wtemp0                       (abs)        007E


MODULE INFORMATION

Module		Function		Class		Link	Load	Size
C:\Program Files\Microchip\xc8\v2.40\pic\sources\c90\pic\__eeread.c
		_eeprom_read   		CODE           	1600	0000	31

C:\Program Files\Microchip\xc8\v2.40\pic\sources\c90\pic\__eeread.c estimated size: 31

C:\Program Files\Microchip\xc8\v2.40\pic\sources\c90\common\aldiv.c
		___aldiv       		CODE           	0E59	0000	157

C:\Program Files\Microchip\xc8\v2.40\pic\sources\c90\common\aldiv.c estimated size: 157

C:\Program Files\Microchip\xc8\v2.40\pic\sources\c90\common\rand.c
		_srand         		CODE           	15C3	0000	15
		_rand          		CODE           	0B6C	0000	113

C:\Program Files\Microchip\xc8\v2.40\pic\sources\c90\common\rand.c estimated size: 128

C:\Program Files\Microchip\xc8\v2.40\pic\sources\c90\common\Umul16.c
		___wmul        		CODE           	0817	0000	39

C:\Program Files\Microchip\xc8\v2.40\pic\sources\c90\common\Umul16.c estimated size: 39

shared
		__stringtab    		STRCODE        	0700	0000	18
		i1_rand        		CODE           	1772	0000	71
		_rowMask       		STRCODE        	071E	0000	4
		i1___wmul      		CODE           	161F	0000	39
		i1_UART_TxChar 		CODE           	15B5	0000	14
		_keys          		STRCODE        	0712	0000	12
		__initialization		CODE           	0013	0000	82
		i1___lmul      		CODE           	172C	0000	70
		i1___awmod     		CODE           	0926	0000	91
		_colMask       		STRCODE        	0722	0000	3
		i1_srand       		CODE           	15A1	0000	9
		i1_UART_TxString		CODE           	0C51	0000	121

shared estimated size: 534

C:\Program Files\Microchip\xc8\v2.40\pic\sources\c90\pic\__eewrite.c
		_eeprom_write  		CODE           	1679	0000	55

C:\Program Files\Microchip\xc8\v2.40\pic\sources\c90\pic\__eewrite.c estimated size: 55

C:\Program Files\Microchip\xc8\v2.40\pic\sources\c90\common\awmod.c
		___awmod       		CODE           	0981	0000	91

C:\Program Files\Microchip\xc8\v2.40\pic\sources\c90\common\awmod.c estimated size: 91

C:\Program Files\Microchip\xc8\v2.40\pic\sources\c90\common\Umul32.c
		___lmul        		CODE           	083E	0000	72

C:\Program Files\Microchip\xc8\v2.40\pic\sources\c90\common\Umul32.c estimated size: 72

main.c
		_Fill          		CODE           	0A38	0000	94
		_ConvertToString		CODE           	0EF6	0000	266
		_UART_TxString 		CODE           	0AFD	0000	111
		_strcopy       		CODE           	17B9	0000	71
		_ConcatToPacket		CODE           	0886	0000	74
		_init_PIC      		CODE           	0CCA	0000	122
		_CompareStrings		CODE           	09DC	0000	92
		_IRS           		CODE           	0DCB	0000	142
		_UART_init     		CODE           	16EC	0000	64
		_SplitPacket   		CODE           	062B	0000	165
		_main          		CODE           	0069	0000	930
		_Length        		CODE           	06D0	0000	40
		_init_Timer0   		CODE           	15E9	0000	23
		_init_LCD      		CODE           	0A96	0000	103
		_init_NumPad   		CODE           	15AA	0000	11
		_pow           		CODE           	16B0	0000	60
		_strcat        		CODE           	0BDD	0000	116
		_lcdSend       		CODE           	1646	0000	51
		_read_NumPad   		CODE           	040B	0000	544
		_lcdPrint      		CODE           	08D0	0000	86
		_UART_TxChar   		CODE           	15D2	0000	23

main.c estimated size: 3188

C:\Program Files\Microchip\xc8\v2.40\pic\sources\c90\common\almod.c
		___almod       		CODE           	0D44	0000	135

C:\Program Files\Microchip\xc8\v2.40\pic\sources\c90\common\almod.c estimated size: 135

