Microchip MPLAB XC8 Compiler V2.40

Linker command line:

-W-3 \
  --edf=C:\Program Files\Microchip\xc8\v2.40\pic\dat\20220703182018_en.msgs \
  -cn -h+dist/default/production\Project_Work.X.production.sym \
  --cmf=dist/default/production\Project_Work.X.production.cmf -z -Q16F877A \
  -oC:\Users\ADMINI~1\AppData\Local\Temp\xcAscto.4 --defsym=__MPLAB_BUILD=1 \
  --fixupoverflow=error \
  -Mdist/default/production/Project_Work.X.production.map \
  --md=C:\Users\ADMINI~1\AppData\Local\Temp\xcAscto.dat -E1 \
  -ver=XC8 Compiler --acfsm=1493 -ACODE=00h-07FFhx4 -ASTRCODE=00h-01FFFh \
  -ASTRING=00h-0FFhx32 -ACONST=00h-0FFhx32 -AENTRY=00h-0FFhx32 \
  -ACOMMON=070h-07Fh -ABANK0=020h-06Fh -ABANK1=0A0h-0EFh \
  -ABANK2=0110h-016Fh -ABANK3=0190h-01EFh \
  -ARAM=020h-06Fh,0A0h-0EFh,0110h-016Fh,0190h-01EFh \
  -AABS1=020h-07Fh,0A0h-0EFh,0110h-016Fh,0190h-01EFh -ASFR0=00h-01Fh \
  -ASFR1=080h-09Fh -ASFR2=0100h-010Fh -ASFR3=0180h-018Fh \
  -ACONFIG=02007h-02007h -DCONFIG=2 -AIDLOC=02000h-02003h -DIDLOC=2 \
  -AEEDATA=00h-0FFh/02100h -peeprom_data=EEDATA -DEEDATA=2 -DCODE=2 \
  -DSTRCODE=2 -DSTRING=2 -DCONST=2 -DENTRY=2 \
  -preset_vec=00h,intentry=04h,init,end_init -ppowerup=CODE -pcinit=CODE \
  -pfunctab=ENTRY -k dist/default/production\startup.o \
  dist/default/production\Project_Work.X.production.o 

Object code version is 3.11

Machine type is 16F877A



                Name                               Link     Load   Length Selector   Space Scale
dist/default/production\startup.o
                end_init                             10       10        3        8       0
                reset_vec                             0        0        3        0       0
                config                             2007     2007        1        0       4
dist/default/production\Project_Work.X.production.o
                cinit                                13       13       54        8       0
                intentry                              4        4        C        8       0
                config                             2007     2007        1        0       4
                text36                             1630     1630        E     2C60       0
                text35                              AA0      AA0       5B     1540       0
                text34                             1698     1698       27     2D30       0
                text33                             17BA     17BA       46     2F74       0
                text32                              91A      91A       47     1234       0
                text31                             161C     161C        9     2C38       0
                text30                              C1B      C1B       6F     1836       0
                text29                              D6F      D6F       78     1ADE       0
                text28                              8F2      8F2       28     11E4       0
                text27                              CFB      CFB       74     19F6       0
                text26                              9A9      9A9       4A     1352       0
                text25                             16E6     16E6       2E     2DCC       0
                text24                              F65      F65       9B     1ECA       0
                text23                             1662     1662       17     2CC4       0
                text22                              AFB      AFB       5B     15F6       0
                text21                             16BF     16BF       27     2D7E       0
                text20                              961      961       48     12C2       0
                text19                              C8A      C8A       71     1914       0
                text18                             163E     163E        F     2C7C       0
                text17                              E5F      E5F       7F     1CBE       0
                text16                              722      722       9D        8       0
                text15                              EDE      EDE       87     1DBC       0
                text14                             177E     177E       3C     2EFC       0
                text13                              5F4      5F4      12E        8       0
                text12                              B56      B56       5E     16AC       0
                text11                              7BF      7BF       40        8       0
                text10                             1679     1679       1F     2CF2       0
                text9                              1714     1714       33     2E28       0
                text8                               BB4      BB4       67     1768       0
                text7                              1625     1625        B     2C4A       0
                text6                              164D     164D       15     2C9A       0
                text5                               9F3      9F3       56     13E6       0
                text4                               DE7      DE7       78     1BCE       0
                text3                               A49      A49       57     1492       0
                text2                              1747     1747       37     2E8E       0
                text1                               3EF      3EF      205        8       0
                maintext                             67       67      388        8       0
                cstackBANK0                          20       20       1C       20       1
                cstackCOMMON                         70       70        E       70       1
                cstackBANK1                          A0       A0       42       A0       1
                cstackBANK3                         1C7      1C7       1B      190       1
                clrtext                            1614     1614        8     2C28       0
                bssBANK2                            110      110       32      110       1
                bssBANK3                            190      190       37      190       1
                dataBANK1                            ED       ED        3       A0       1
                bssBANK1                             E2       E2        B       A0       1
                dataBANK0                            53       53        4       20       1
                bssBANK0                             3C       3C       17       20       1
                strings                             800      800       F2     1000       0
                idataBANK1                         160D     160D        3     2C1A       0
                idataBANK0                         1610     1610        4     2C20       0

TOTAL           Name                               Link     Load   Length     Space
        CLASS   CODE           
                end_init                             10       10        3         0
                cinit                                13       13       54         0
                intentry                              4        4        C         0
                reset_vec                             0        0        3         0
                text36                             1630     1630        E         0
                text35                              AA0      AA0       5B         0
                text34                             1698     1698       27         0
                text33                             17BA     17BA       46         0
                text32                              91A      91A       47         0
                text31                             161C     161C        9         0
                text30                              C1B      C1B       6F         0
                text29                              D6F      D6F       78         0
                text28                              8F2      8F2       28         0
                text27                              CFB      CFB       74         0
                text26                              9A9      9A9       4A         0
                text25                             16E6     16E6       2E         0
                text24                              F65      F65       9B         0
                text23                             1662     1662       17         0
                text22                              AFB      AFB       5B         0
                text21                             16BF     16BF       27         0
                text20                              961      961       48         0
                text19                              C8A      C8A       71         0
                text18                             163E     163E        F         0
                text17                              E5F      E5F       7F         0
                text16                              722      722       9D         0
                text15                              EDE      EDE       87         0
                text14                             177E     177E       3C         0
                text13                              5F4      5F4      12E         0
                text12                              B56      B56       5E         0
                text11                              7BF      7BF       40         0
                text10                             1679     1679       1F         0
                text9                              1714     1714       33         0
                text8                               BB4      BB4       67         0
                text7                              1625     1625        B         0
                text6                              164D     164D       15         0
                text5                               9F3      9F3       56         0
                text4                               DE7      DE7       78         0
                text3                               A49      A49       57         0
                text2                              1747     1747       37         0
                text1                               3EF      3EF      205         0
                maintext                             67       67      388         0
                clrtext                            1614     1614        8         0
                idataBANK1                         160D     160D        3         0
                idataBANK0                         1610     1610        4         0

        CLASS   STRCODE        

        CLASS   STRING         
                strings                             800      800       F2         0

        CLASS   CONST          

        CLASS   ENTRY          

        CLASS   COMMON         
                cstackCOMMON                         70       70        E         1

        CLASS   BANK0          
                cstackBANK0                          20       20       1C         1
                dataBANK0                            53       53        4         1
                bssBANK0                             3C       3C       17         1

        CLASS   BANK1          
                cstackBANK1                          A0       A0       42         1
                dataBANK1                            ED       ED        3         1
                bssBANK1                             E2       E2        B         1

        CLASS   BANK2          
                bssBANK2                            110      110       32         1

        CLASS   BANK3          
                cstackBANK3                         1C7      1C7       1B         1
                bssBANK3                            190      190       37         1

        CLASS   RAM            

        CLASS   ABS1           
                abs_s1                               7E       7E        2         1

        CLASS   SFR0           

        CLASS   SFR1           

        CLASS   SFR2           

        CLASS   SFR3           

        CLASS   CONFIG         
                config                             2007     2007        1         4

        CLASS   IDLOC          

        CLASS   EEDATA         

        CLASS   STACK          



SEGMENTS        Name                           Load    Length   Top    Selector   Space  Class     Delta

                reset_vec                      000000  000003  000003         0       0  CODE        2
                intentry                       000004  0007FB  0007FF         8       0  CODE        2
                cstackBANK0                    000020  000037  000057        20       1  BANK0       1
                cstackCOMMON                   000070  00000E  00007E        70       1  COMMON      1
                cstackBANK1                    0000A0  000050  0000F0        A0       1  BANK1       1
                bssBANK2                       000110  000032  000142       110       1  BANK2       1
                bssBANK3                       000190  000052  0001E2       190       1  BANK3       1
                strings                        000800  0000F2  0008F2      1000       0  STRING      2
                text28                         0008F2  000028  00091A      11E4       0  CODE        2
                text32                         00091A  000047  000961      1234       0  CODE        2
                text20                         000961  000048  0009A9      12C2       0  CODE        2
                text26                         0009A9  00004A  0009F3      1352       0  CODE        2
                text5                          0009F3  000056  000A49      13E6       0  CODE        2
                text3                          000A49  000057  000AA0      1492       0  CODE        2
                text35                         000AA0  00005B  000AFB      1540       0  CODE        2
                text22                         000AFB  00005B  000B56      15F6       0  CODE        2
                text12                         000B56  00005E  000BB4      16AC       0  CODE        2
                text8                          000BB4  000067  000C1B      1768       0  CODE        2
                text30                         000C1B  00006F  000C8A      1836       0  CODE        2
                text19                         000C8A  000071  000CFB      1914       0  CODE        2
                text27                         000CFB  000074  000D6F      19F6       0  CODE        2
                text29                         000D6F  000078  000DE7      1ADE       0  CODE        2
                text4                          000DE7  000078  000E5F      1BCE       0  CODE        2
                text17                         000E5F  00007F  000EDE      1CBE       0  CODE        2
                text15                         000EDE  000087  000F65      1DBC       0  CODE        2
                text24                         000F65  00009B  001000      1ECA       0  CODE        2
                idataBANK1                     00160D  000003  001610      2C1A       0  CODE        2
                idataBANK0                     001610  000004  001614      2C20       0  CODE        2
                clrtext                        001614  000008  00161C      2C28       0  CODE        2
                text31                         00161C  000009  001625      2C38       0  CODE        2
                text7                          001625  00000B  001630      2C4A       0  CODE        2
                text36                         001630  00000E  00163E      2C60       0  CODE        2
                text18                         00163E  00000F  00164D      2C7C       0  CODE        2
                text6                          00164D  000015  001662      2C9A       0  CODE        2
                text23                         001662  000017  001679      2CC4       0  CODE        2
                text10                         001679  00001F  001698      2CF2       0  CODE        2
                text34                         001698  000027  0016BF      2D30       0  CODE        2
                text21                         0016BF  000027  0016E6      2D7E       0  CODE        2
                text25                         0016E6  00002E  001714      2DCC       0  CODE        2
                text9                          001714  000033  001747      2E28       0  CODE        2
                text2                          001747  000037  00177E      2E8E       0  CODE        2
                text14                         00177E  00003C  0017BA      2EFC       0  CODE        2
                text33                         0017BA  000046  001800      2F74       0  CODE        2


UNUSED ADDRESS RANGES

        Name                Unused          Largest block    Delta
        BANK0            0057-006F             19           1
        BANK2            0142-016F             2E           1
        BANK3            01E2-01EF              E           1
        CODE             0003-0003              1           2
                         07FF-07FF              1
                         1000-160C            60D
                         1800-1FFF            800
        CONST            0003-0003              1           2
                         07FF-07FF              1
                         1000-160C            100
                         1800-1FFF            100
        EEDATA           2100-21FF            100           2
        ENTRY            0003-0003              1           2
                         07FF-07FF              1
                         1000-160C            100
                         1800-1FFF            100
        IDLOC            2000-2003              4           2
        RAM              0057-006F             19           1
                         0142-016F             2E
                         01E2-01EF              E
        SFR0             0000-001F             20           1
        SFR1             0080-009F             20           1
        SFR2             0100-010F             10           1
        SFR3             0180-018F             10           1
        STRCODE          0003-0003              1           2
                         07FF-07FF              1
                         1000-160C            60D
                         1800-1FFF            800
        STRING           0003-0003              1           2
                         07FF-07FF              1
                         1000-160C            100
                         1800-1FFF            100

                                  Symbol Table

?_Length                     cstackBANK1  00A0
?___aldiv                    cstackBANK1  00CA
?___almod                    cstackBANK1  00A0
?___awmod                    cstackBANK1  00B4
?___lmul                     cstackBANK1  00A0
?___wmul                     cstackBANK1  00BB
?_pow                        cstackBANK1  00C1
?_rand                       cstackBANK1  00AD
?_strcat                     cstackBANK1  00A7
?i1___awmod                  cstackBANK0  0027
?i1___lmul                   cstackCOMMON 0070
?i1___wmul                   cstackBANK0  002D
?i1_rand                     cstackBANK0  0020
CompareStrings@i             cstackBANK1  00AD
CompareStrings@str1          cstackBANK1  00AE
CompareStrings@str2          cstackBANK1  00A7
ConcatToPacket@delim         cstackBANK1  00B5
ConcatToPacket@packet_length cstackBANK1  00B7
ConcatToPacket@pkt           cstackBANK1  00B9
ConcatToPacket@str           cstackBANK1  00B3
ConvertToString@i            cstackBANK3  01CB
ConvertToString@j            cstackBANK3  01C9
ConvertToString@n            cstackBANK1  00D9
ConvertToString@n_cifre      cstackBANK3  01CD
ConvertToString@str          cstackBANK1  00DD
ConvertToString@temp         cstackBANK3  01C7
Fill@id                      cstackBANK1  00AA
Fill@length                  cstackBANK1  00A8
Length@len                   cstackBANK1  00A5
Length@str                   cstackBANK1  00A0
SplitPacket@i                cstackBANK1  00B6
SplitPacket@i_part           cstackBANK1  00B3
SplitPacket@len              cstackBANK1  00AA
SplitPacket@part             cstackBANK1  00AC
SplitPacket@pkt              cstackBANK1  00B5
SplitPacket@section          cstackBANK1  00B1
UART_TxChar@ch               cstackBANK1  00A1
UART_TxString@is_ACK         cstackBANK1  00C1
UART_TxString@n              cstackBANK1  00C3
UART_TxString@str            cstackBANK1  00C5
UART_init@baudrate           cstackBANK1  00D9
_CompareStrings              text3        0A49
_ConcatToPacket              text26       09A9
_ConvertToString             text13       05F4
_EEADR                       (abs)        010D
_EECON1                      (abs)        018C
_EECON1bits                  (abs)        018C
_EECON2                      (abs)        018D
_EEDATA                      (abs)        010C
_Fill                        text12       0B56
_INTCON                      (abs)        000B
_INTCONbits                  (abs)        000B
_IRS                         text29       0D6F
_Length                      text28       08F2
_OPTION_REG                  (abs)        0081
_PIC_ID                      bssBANK0     004F
_PIE1                        (abs)        008C
_PIR1                        (abs)        000C
_PORTB                       (abs)        0006
_PORTD                       (abs)        0008
_PORTEbits                   (abs)        0009
_RCIF                        (abs)        0065
_RCREG                       (abs)        001A
_RCSTA                       (abs)        0018
_SPBRG                       (abs)        0099
_STATUSbits                  (abs)        0003
_SplitPacket                 text24       0F65
_T0IF                        (abs)        005A
_TMR0                        (abs)        0001
_TRISB                       (abs)        0086
_TRISC                       (abs)        0087
_TRISD                       (abs)        0088
_TRISEbits                   (abs)        0089
_TXREG                       (abs)        0019
_TXSTA                       (abs)        0098
_UART_TxChar                 text23       1662
_UART_TxString               text17       0E5F
_UART_init                   text11       07BF
__Habs1                      abs1         0000
__Hbank0                     bank0        0000
__Hbank1                     bank1        0000
__Hbank2                     bank2        0000
__Hbank3                     bank3        0000
__HbssBANK0                  bssBANK0     0000
__HbssBANK1                  bssBANK1     0000
__HbssBANK2                  bssBANK2     0000
__HbssBANK3                  bssBANK3     0000
__Hcinit                     cinit        0067
__Hclrtext                   clrtext      0000
__Hcode                      code         0000
__Hcommon                    common       0000
__Hconfig                    config       2008
__HcstackBANK0               cstackBANK0  0000
__HcstackBANK1               cstackBANK1  0000
__HcstackBANK3               cstackBANK3  0000
__HcstackCOMMON              cstackCOMMON 0000
__HdataBANK0                 dataBANK0    0000
__HdataBANK1                 dataBANK1    0000
__Heeprom_data               eeprom_data  0000
__Hend_init                  end_init     0013
__Hfunctab                   functab      0000
__HidataBANK0                idataBANK0   0000
__HidataBANK1                idataBANK1   0000
__Hinit                      init         0010
__Hintentry                  intentry     0010
__Hmaintext                  maintext     0000
__Hpowerup                   powerup      0000
__Hram                       ram          0000
__Hreset_vec                 reset_vec    0003
__Hsfr0                      sfr0         0000
__Hsfr1                      sfr1         0000
__Hsfr2                      sfr2         0000
__Hsfr3                      sfr3         0000
__Hspace_0                   (abs)        1800
__Hspace_1                   (abs)        01E2
__Hspace_2                   (abs)        0000
__Hspace_3                   (abs)        0000
__Hspace_4                   (abs)        400F
__Hstack                     stack        0000
__Hstrings                   strings      0000
__Htext                      text         0000
__Labs1                      abs1         0000
__Lbank0                     bank0        0000
__Lbank1                     bank1        0000
__Lbank2                     bank2        0000
__Lbank3                     bank3        0000
__LbssBANK0                  bssBANK0     0000
__LbssBANK1                  bssBANK1     0000
__LbssBANK2                  bssBANK2     0000
__LbssBANK3                  bssBANK3     0000
__Lcinit                     cinit        0013
__Lclrtext                   clrtext      0000
__Lcode                      code         0000
__Lcommon                    common       0000
__Lconfig                    config       0000
__LcstackBANK0               cstackBANK0  0000
__LcstackBANK1               cstackBANK1  0000
__LcstackBANK3               cstackBANK3  0000
__LcstackCOMMON              cstackCOMMON 0000
__LdataBANK0                 dataBANK0    0000
__LdataBANK1                 dataBANK1    0000
__Leeprom_data               eeprom_data  0000
__Lend_init                  end_init     0010
__Lfunctab                   functab      0000
__LidataBANK0                idataBANK0   0000
__LidataBANK1                idataBANK1   0000
__Linit                      init         0010
__Lintentry                  intentry     0004
__Lmaintext                  maintext     0000
__Lpowerup                   powerup      0000
__Lram                       ram          0000
__Lreset_vec                 reset_vec    0000
__Lsfr0                      sfr0         0000
__Lsfr1                      sfr1         0000
__Lsfr2                      sfr2         0000
__Lsfr3                      sfr3         0000
__Lspace_0                   (abs)        0000
__Lspace_1                   (abs)        0000
__Lspace_2                   (abs)        0000
__Lspace_3                   (abs)        0000
__Lspace_4                   (abs)        0000
__Lstack                     stack        0000
__Lstrings                   strings      0000
__Ltext                      text         0000
__S0                         (abs)        1800
__S1                         (abs)        01E2
__S3                         (abs)        0000
___aldiv                     text16       0722
___aldiv@counter             cstackBANK1  00D3
___aldiv@dividend            cstackBANK1  00CE
___aldiv@divisor             cstackBANK1  00CA
___aldiv@quotient            cstackBANK1  00D5
___aldiv@sign                cstackBANK1  00D4
___almod                     text15       0EDE
___almod@counter             cstackBANK1  00A9
___almod@dividend            cstackBANK1  00A4
___almod@divisor             cstackBANK1  00A0
___almod@sign                cstackBANK1  00AA
___awmod                     text22       0AFB
___awmod@counter             cstackBANK1  00B9
___awmod@dividend            cstackBANK1  00B6
___awmod@divisor             cstackBANK1  00B4
___awmod@sign                cstackBANK1  00BA
___int_sp                    stack        0000
___latbits                   (abs)        0002
___lmul                      text20       0961
___lmul@multiplicand         cstackBANK1  00A4
___lmul@multiplier           cstackBANK1  00A0
___lmul@product              cstackBANK1  00A9
___sp                        stack        0000
___stackhi                   (abs)        0000
___stacklo                   (abs)        0000
___wmul                      text21       16BF
___wmul@multiplicand         cstackBANK1  00BD
___wmul@multiplier           cstackBANK1  00BB
___wmul@product              cstackBANK1  00BF
__end_of_CompareStrings      text3        0AA0
__end_of_ConcatToPacket      text26       09F3
__end_of_ConvertToString     text13       0722
__end_of_Fill                text12       0BB4
__end_of_IRS                 text29       0DE7
__end_of_Length              text28       091A
__end_of_SplitPacket         text24       1000
__end_of_UART_TxChar         text23       1679
__end_of_UART_TxString       text17       0EDE
__end_of_UART_init           text11       07FF
__end_of___aldiv             text16       07BF
__end_of___almod             text15       0F65
__end_of___awmod             text22       0B56
__end_of___lmul              text20       09A9
__end_of___wmul              text21       16E6
__end_of__initialization     cinit        0063
__end_of__stringtab          strings      0810
__end_of_colMask             strings      0823
__end_of_eeprom_read         text10       1698
__end_of_eeprom_write        text2        177E
__end_of_init_LCD            text8        0C1B
__end_of_init_NumPad         text7        1630
__end_of_init_PIC            text4        0E5F
__end_of_init_Timer0         text6        1662
__end_of_keys                strings      081C
__end_of_lcdPrint            text5        0A49
__end_of_lcdSend             text9        1747
__end_of_main                maintext     03EF
__end_of_pow                 text14       17BA
__end_of_rand                text19       0CFB
__end_of_read_NumPad         text1        05F4
__end_of_rowMask             strings      0820
__end_of_srand               text18       164D
__end_of_strcat              text27       0D6F
__end_of_strcopy             text25       1714
__end_ofi1_UART_TxChar       text36       163E
__end_ofi1_UART_TxString     text30       0C8A
__end_ofi1___awmod           text35       0AFB
__end_ofi1___lmul            text33       1800
__end_ofi1___wmul            text34       16BF
__end_ofi1_rand              text32       0961
__end_ofi1_srand             text31       1625
__initialization             cinit        0013
__pbssBANK0                  bssBANK0     003C
__pbssBANK1                  bssBANK1     00E2
__pbssBANK2                  bssBANK2     0110
__pbssBANK3                  bssBANK3     0190
__pcstackBANK0               cstackBANK0  0020
__pcstackBANK1               cstackBANK1  00A0
__pcstackBANK3               cstackBANK3  01C7
__pcstackCOMMON              cstackCOMMON 0070
__pdataBANK0                 dataBANK0    0053
__pdataBANK1                 dataBANK1    00ED
__pidataBANK0                idataBANK0   1610
__pidataBANK1                idataBANK1   160D
__pintentry                  intentry     0004
__pmaintext                  maintext     0067
__pstrings                   strings      0800
__ptext1                     text1        03EF
__ptext10                    text10       1679
__ptext11                    text11       07BF
__ptext12                    text12       0B56
__ptext13                    text13       05F4
__ptext14                    text14       177E
__ptext15                    text15       0EDE
__ptext16                    text16       0722
__ptext17                    text17       0E5F
__ptext18                    text18       163E
__ptext19                    text19       0C8A
__ptext2                     text2        1747
__ptext20                    text20       0961
__ptext21                    text21       16BF
__ptext22                    text22       0AFB
__ptext23                    text23       1662
__ptext24                    text24       0F65
__ptext25                    text25       16E6
__ptext26                    text26       09A9
__ptext27                    text27       0CFB
__ptext28                    text28       08F2
__ptext29                    text29       0D6F
__ptext3                     text3        0A49
__ptext30                    text30       0C1B
__ptext31                    text31       161C
__ptext32                    text32       091A
__ptext33                    text33       17BA
__ptext34                    text34       1698
__ptext35                    text35       0AA0
__ptext36                    text36       1630
__ptext4                     text4        0DE7
__ptext5                     text5        09F3
__ptext6                     text6        164D
__ptext7                     text7        1625
__ptext8                     text8        0BB4
__ptext9                     text9        1714
__stringbase                 strings      080F
__stringtab                  strings      0800
_colMask                     strings      0820
_colScan                     bssBANK1     00EC
_compare                     bssBANK1     00E6
_dato                        bssBANK2     0110
_datoSeriale                 bssBANK3     01A3
_datoTastierino              bssBANK3     0192
_eeprom_read                 text10       1679
_eeprom_write                text2        1747
_fail                        bssBANK0     004A
_iS                          bssBANK0     004E
_iT                          bssBANK1     00E7
_i_id                        bssBANK1     00E4
_id_dest                     bssBANK3     01C3
_init_LCD                    text8        0BB4
_init_NumPad                 text7        1625
_init_PIC                    text4        0DE7
_init_Timer0                 text6        164D
_initialize                  dataBANK1    00EE
_keyf                        bssBANK1     00EA
_keypressed                  dataBANK1    00EF
_keys                        strings      0810
_lcdPrint                    text5        09F3
_lcdSend                     text9        1714
_main                        maintext     0067
_maxFail                     dataBANK1    00ED
_milliseconds                bssBANK0     0040
_num_rand                    bssBANK1     00E2
_old_iT                      bssBANK0     004D
_old_i_id                    bssBANK0     0044
_old_num_rand                bssBANK3     0190
_packet                      bssBANK3     01B4
_pow                         text14       177E
_pr_err_len                  bssBANK0     0048
_pr_err_max                  bssBANK0     0047
_pr_start                    bssBANK0     0049
_pr_succ                     bssBANK0     0046
_rand                        text19       0C8A
_randx                       dataBANK0    0053
_read_NumPad                 text1        03EF
_recieved                    bssBANK0     004C
_rowMask                     strings      081C
_rowScan                     bssBANK1     00EB
_seconds                     bssBANK0     003C
_source                      bssBANK1     00E9
_srand                       text18       163E
_strcat                      text27       0CFB
_strcopy                     text25       16E6
_success                     bssBANK0     004B
_type                        bssBANK1     00E8
btemp                        (abs)        007E
clear_ram0                   clrtext      1614
eeprom_read@addr             cstackBANK1  00A1
eeprom_write@addr            cstackBANK1  00A2
eeprom_write@value           cstackBANK1  00A0
end_of_initialization        cinit        0063
i1UART_TxChar@ch             cstackCOMMON 0071
i1UART_TxString@is_ACK       cstackBANK0  0033
i1UART_TxString@n            cstackBANK0  0036
i1UART_TxString@str          cstackBANK0  0035
i1_UART_TxChar               text36       1630
i1_UART_TxString             text30       0C1B
i1___awmod                   text35       0AA0
i1___awmod@counter           cstackBANK0  002B
i1___awmod@dividend          cstackBANK0  0029
i1___awmod@divisor           cstackBANK0  0027
i1___awmod@sign              cstackBANK0  002C
i1___lmul                    text33       17BA
i1___lmul@multiplicand       cstackCOMMON 0074
i1___lmul@multiplier         cstackCOMMON 0070
i1___lmul@product            cstackCOMMON 0079
i1___wmul                    text34       1698
i1___wmul@multiplicand       cstackBANK0  002F
i1___wmul@multiplier         cstackBANK0  002D
i1___wmul@product            cstackBANK0  0031
i1_rand                      text32       091A
i1_srand                     text31       161C
i1srand@x                    cstackCOMMON 0070
init_PIC@id                  cstackBANK3  01D0
interrupt_function           intentry     0004
intlevel0                    functab      0000
intlevel1                    functab      0000
intlevel2                    functab      0000
intlevel3                    functab      0000
intlevel4                    functab      0000
intlevel5                    functab      0000
lcdPrint@n                   cstackBANK1  00A9
lcdPrint@str                 cstackBANK1  00A4
lcdSend@dato                 cstackBANK1  00A3
lcdSend@tipo                 cstackBANK1  00A0
main@num_rand_s              cstackBANK3  01D2
pow@b                        cstackBANK1  00C5
pow@exp                      cstackBANK1  00C1
pow@i                        cstackBANK1  00C6
pow@n                        cstackBANK1  00C8
read_NumPad@id               cstackBANK1  00CB
reset_vec                    reset_vec    0000
saved_w                      (abs)        007E
srand@x                      cstackBANK1  00A0
start                        init         0010
start_initialization         cinit        0013
strcat@dest                  cstackBANK1  00AE
strcat@length_dest           cstackBANK1  00B1
strcat@n                     cstackBANK1  00AF
strcat@source                cstackBANK1  00A7
strcopy@dest                 cstackBANK1  00A4
strcopy@n                    cstackBANK1  00A5
strcopy@source               cstackBANK1  00A0
wtemp0                       (abs)        007E


MODULE INFORMATION

Module		Function		Class		Link	Load	Size
C:\Program Files\Microchip\xc8\v2.40\pic\sources\c90\pic\__eeread.c
		_eeprom_read   		CODE           	1679	0000	31

C:\Program Files\Microchip\xc8\v2.40\pic\sources\c90\pic\__eeread.c estimated size: 31

C:\Program Files\Microchip\xc8\v2.40\pic\sources\c90\common\aldiv.c
		___aldiv       		CODE           	0722	0000	157

C:\Program Files\Microchip\xc8\v2.40\pic\sources\c90\common\aldiv.c estimated size: 157

C:\Program Files\Microchip\xc8\v2.40\pic\sources\c90\common\rand.c
		_srand         		CODE           	163E	0000	15
		_rand          		CODE           	0C8A	0000	113

C:\Program Files\Microchip\xc8\v2.40\pic\sources\c90\common\rand.c estimated size: 128

C:\Program Files\Microchip\xc8\v2.40\pic\sources\c90\common\Umul16.c
		___wmul        		CODE           	16BF	0000	39

C:\Program Files\Microchip\xc8\v2.40\pic\sources\c90\common\Umul16.c estimated size: 39

shared
		__stringtab    		STRING         	0800	0000	16
		i1_rand        		CODE           	091A	0000	71
		_rowMask       		STRING         	081C	0000	4
		i1___wmul      		CODE           	1698	0000	39
		i1_UART_TxChar 		CODE           	1630	0000	14
		_keys          		STRING         	0810	0000	12
		__initialization		CODE           	0013	0000	80
		i1___lmul      		CODE           	17BA	0000	70
		i1___awmod     		CODE           	0AA0	0000	91
		_colMask       		STRING         	0820	0000	3
		i1_srand       		CODE           	161C	0000	9
		i1_UART_TxString		CODE           	0C1B	0000	111

shared estimated size: 520

C:\Program Files\Microchip\xc8\v2.40\pic\sources\c90\pic\__eewrite.c
		_eeprom_write  		CODE           	1747	0000	55

C:\Program Files\Microchip\xc8\v2.40\pic\sources\c90\pic\__eewrite.c estimated size: 55

C:\Program Files\Microchip\xc8\v2.40\pic\sources\c90\common\awmod.c
		___awmod       		CODE           	0AFB	0000	91

C:\Program Files\Microchip\xc8\v2.40\pic\sources\c90\common\awmod.c estimated size: 91

C:\Program Files\Microchip\xc8\v2.40\pic\sources\c90\common\Umul32.c
		___lmul        		CODE           	0961	0000	72

C:\Program Files\Microchip\xc8\v2.40\pic\sources\c90\common\Umul32.c estimated size: 72

main.c
		_Fill          		CODE           	0B56	0000	94
		_ConvertToString		CODE           	05F4	0000	302
		_UART_TxString 		CODE           	0E5F	0000	127
		_strcopy       		CODE           	16E6	0000	46
		_ConcatToPacket		CODE           	09A9	0000	74
		_init_PIC      		CODE           	0DE7	0000	120
		_CompareStrings		CODE           	0A49	0000	87
		_IRS           		CODE           	0D6F	0000	120
		_UART_init     		CODE           	07BF	0000	64
		_SplitPacket   		CODE           	0F65	0000	155
		_main          		CODE           	0067	0000	904
		_Length        		CODE           	08F2	0000	40
		_init_Timer0   		CODE           	164D	0000	21
		_init_LCD      		CODE           	0BB4	0000	103
		_init_NumPad   		CODE           	1625	0000	11
		_pow           		CODE           	177E	0000	60
		_strcat        		CODE           	0CFB	0000	116
		_lcdSend       		CODE           	1714	0000	51
		_read_NumPad   		CODE           	03EF	0000	517
		_lcdPrint      		CODE           	09F3	0000	86
		_UART_TxChar   		CODE           	1662	0000	23

main.c estimated size: 3121

C:\Program Files\Microchip\xc8\v2.40\pic\sources\c90\common\almod.c
		___almod       		CODE           	0EDE	0000	135

C:\Program Files\Microchip\xc8\v2.40\pic\sources\c90\common\almod.c estimated size: 135

