Microchip MPLAB XC8 Compiler V2.40

Linker command line:

-W-3 \
  --edf=C:\Program Files\Microchip\xc8\v2.40\pic\dat\20220703182018_en.msgs \
  -cn -h+dist/default/production\ProjectWork.X.production.sym \
  --cmf=dist/default/production\ProjectWork.X.production.cmf -z -Q16F877A \
  -oC:\Users\User\AppData\Local\Temp\xcAscsc.4 --defsym=__MPLAB_BUILD=1 \
  --fixupoverflow=error \
  -Mdist/default/production/ProjectWork.X.production.map \
  --md=C:\Users\User\AppData\Local\Temp\xcAscsc.dat -E1 -ver=XC8 Compiler \
  --acfsm=1493 -ACODE=00h-07FFhx4 -ASTRCODE=00h-01FFFh -ASTRING=00h-0FFhx32 \
  -ACONST=00h-0FFhx32 -AENTRY=00h-0FFhx32 -ACOMMON=070h-07Fh \
  -ABANK0=020h-06Fh -ABANK1=0A0h-0EFh -ABANK2=0110h-016Fh \
  -ABANK3=0190h-01EFh -ARAM=020h-06Fh,0A0h-0EFh,0110h-016Fh,0190h-01EFh \
  -AABS1=020h-07Fh,0A0h-0EFh,0110h-016Fh,0190h-01EFh -ASFR0=00h-01Fh \
  -ASFR1=080h-09Fh -ASFR2=0100h-010Fh -ASFR3=0180h-018Fh \
  -ACONFIG=02007h-02007h -DCONFIG=2 -AIDLOC=02000h-02003h -DIDLOC=2 \
  -AEEDATA=00h-0FFh/02100h -peeprom_data=EEDATA -DEEDATA=2 -DCODE=2 \
  -DSTRCODE=2 -DSTRING=2 -DCONST=2 -DENTRY=2 \
  -preset_vec=00h,intentry=04h,init,end_init -ppowerup=CODE -pcinit=CODE \
  -pfunctab=ENTRY -k C:\Users\User\AppData\Local\Temp\xcAscsc.o \
  dist/default/production\ProjectWork.X.production.o 

Object code version is 3.11

Machine type is 16F877A



                Name                               Link     Load   Length Selector   Space Scale
C:\Users\User\AppData\Local\Temp\xcAscsc.o
                end_init                              E        E        3        8       0
                reset_vec                             0        0        3        0       0
                config                             2007     2007        1        0       4
                idloc                              2000     2000        4        0       5
dist/default/production\ProjectWork.X.production.o
                cinit                                11       11       3C        8       0
                intentry                              4        4        A        8       0
                config                             2007     2007        1        0       4
                idloc                              2000     2000        4        0       5
                text22                              5FC      5FC       3D        8       0
                text21                              381      381       67        8       0
                text20                              49C      49C       4A        8       0
                text19                              1D3      1D3       9D        8       0
                text18                              2FA      2FA       87        8       0
                text17                              4E6      4E6       48        8       0
                text16                              6CD      6CD       27      D44       0
                text15                              639      639       3C        8       0
                text14                               4D       4D       DA        8       0
                text13                              74D      74D        E      D44       0
                text12                              6F4      6F4       25      D44       0
                text11                              575      575       46        8       0
                text10                              6A2      6A2       2B      D44       0
                text9                               443      443       59        8       0
                text8                               75B      75B        B      D44       0
                text7                               738      738       15      D44       0
                text6                               719      719       1F      D44       0
                text5                               5BB      5BB       41        8       0
                text4                               3E8      3E8       5B        8       0
                text3                               52E      52E       47        8       0
                text2                               766      766        9      D44       0
                text1                               127      127       AC        8       0
                maintext                            270      270       8A        8       0
                cstackBANK0                          20       20       29       20       1
                cstackCOMMON                         70       70        6       70       1
                cstackBANK1                          A0       A0       42       A0       1
                clrtext                             76F      76F        8      D44       0
                bssBANK3                            190      190       32      190       1
                bssBANK1                             E2       E2        6       A0       1
                dataBANK0                            4D       4D        4       20       1
                bssBANK0                             49       49        4       20       1
                dataCOMMON                           79       79        1       70       1
                bssCOMMON                            76       76        3       70       1
                strings                             675      675       2D      CEA       0
                idataBANK0                          777      777        4      D44       0
                idataCOMMON                         77B      77B        1      D44       0

TOTAL           Name                               Link     Load   Length     Space
        CLASS   CODE           
                end_init                              E        E        3         0
                cinit                                11       11       3C         0
                intentry                              4        4        A         0
                reset_vec                             0        0        3         0
                text22                              5FC      5FC       3D         0
                text21                              381      381       67         0
                text20                              49C      49C       4A         0
                text19                              1D3      1D3       9D         0
                text18                              2FA      2FA       87         0
                text17                              4E6      4E6       48         0
                text16                              6CD      6CD       27         0
                text15                              639      639       3C         0
                text14                               4D       4D       DA         0
                text13                              74D      74D        E         0
                text12                              6F4      6F4       25         0
                text11                              575      575       46         0
                text10                              6A2      6A2       2B         0
                text9                               443      443       59         0
                text8                               75B      75B        B         0
                text7                               738      738       15         0
                text6                               719      719       1F         0
                text5                               5BB      5BB       41         0
                text4                               3E8      3E8       5B         0
                text3                               52E      52E       47         0
                text2                               766      766        9         0
                text1                               127      127       AC         0
                maintext                            270      270       8A         0
                clrtext                             76F      76F        8         0
                idataBANK0                          777      777        4         0
                idataCOMMON                         77B      77B        1         0

        CLASS   STRCODE        

        CLASS   STRING         
                strings                             675      675       2D         0

        CLASS   CONST          

        CLASS   ENTRY          

        CLASS   COMMON         
                cstackCOMMON                         70       70        6         1
                dataCOMMON                           79       79        1         1
                bssCOMMON                            76       76        3         1

        CLASS   BANK0          
                cstackBANK0                          20       20       29         1
                dataBANK0                            4D       4D        4         1
                bssBANK0                             49       49        4         1

        CLASS   BANK1          
                cstackBANK1                          A0       A0       42         1
                bssBANK1                             E2       E2        6         1

        CLASS   BANK2          

        CLASS   BANK3          
                bssBANK3                            190      190       32         1

        CLASS   RAM            

        CLASS   ABS1           
                abs_s1                               7E       7E        2         1

        CLASS   SFR0           

        CLASS   SFR1           

        CLASS   SFR2           

        CLASS   SFR3           

        CLASS   CONFIG         
                config                             2007     2007        1         4

        CLASS   IDLOC          
                idloc                              2000     2000        4         5

        CLASS   EEDATA         

        CLASS   STACK          



SEGMENTS        Name                           Load    Length   Top    Selector   Space  Class     Delta

                reset_vec                      000000  000003  000003         0       0  CODE        2
                intentry                       000004  000671  000675         8       0  CODE        2
                cstackBANK0                    000020  000031  000051        20       1  BANK0       1
                cstackCOMMON                   000070  00000A  00007A        70       1  COMMON      1
                cstackBANK1                    0000A0  000048  0000E8        A0       1  BANK1       1
                bssBANK3                       000190  000032  0001C2       190       1  BANK3       1
                strings                        000675  00002D  0006A2       CEA       0  STRING      2
                text10                         0006A2  0000DA  00077C       D44       0  CODE        2


UNUSED ADDRESS RANGES

        Name                Unused          Largest block    Delta
        BANK0            0051-006F             1F           1
        BANK1            00E8-00EF              8           1
        BANK2            0110-016F             60           1
        BANK3            01C2-01EF             2E           1
        CODE             0003-0003              1           2
                         077C-1FFF            800
        COMMON           007A-007D              4           1
        CONST            0003-0003              1           2
                         077C-1FFF            100
        EEDATA           2100-21FF            100           2
        ENTRY            0003-0003              1           2
                         077C-1FFF            100
        RAM              0051-006F             1F           1
                         00E8-00EF              8
                         0110-016F             60
                         01C2-01EF             2E
        SFR0             0000-001F             20           1
        SFR1             0080-009F             20           1
        SFR2             0100-010F             10           1
        SFR3             0180-018F             10           1
        STRCODE          0003-0003              1           2
                         077C-1FFF           1884
        STRING           0003-0003              1           2
                         077C-1FFF            100

                                  Symbol Table

?___aldiv                    cstackBANK0  002D
?___almod                    cstackBANK0  0020
?___awmod                    cstackBANK0  0033
?___lmul                     cstackBANK0  0020
?___wmul                     cstackBANK0  0020
?_pow                        cstackBANK0  0024
?_rand                       cstackBANK0  002C
?_strcat                     cstackCOMMON 0074
ConcatToPacket@delim         cstackBANK0  002C
ConcatToPacket@packet_length cstackBANK0  002E
ConcatToPacket@pkt           cstackBANK0  0030
ConcatToPacket@str           cstackBANK0  002A
ConvertToString@i            cstackBANK0  0046
ConvertToString@j            cstackBANK0  0044
ConvertToString@n            cstackBANK0  003C
ConvertToString@n_cifre      cstackBANK0  0048
ConvertToString@str          cstackBANK0  0040
ConvertToString@temp         cstackBANK0  0042
UART_TxChar@ch               cstackCOMMON 0075
UART_TxString@n              cstackBANK0  0022
UART_TxString@str            cstackBANK0  0021
UART_init@baudrate           cstackBANK0  003C
_ConcatToPacket              text20       049C
_ConvertToString             text14       004D
_INTCON                      (abs)        000B
_IRS                         text22       05FC
_OPTION_REG                  (abs)        0081
_PIE1                        (abs)        008C
_PIR1                        (abs)        000C
_PORTB                       (abs)        0006
_PORTD                       (abs)        0008
_PORTEbits                   (abs)        0009
_RCIF                        (abs)        0065
_RCREG                       (abs)        001A
_RCSTA                       (abs)        0018
_SPBRG                       (abs)        0099
_T0IF                        (abs)        005A
_TMR0                        (abs)        0001
_TRISB                       (abs)        0086
_TRISC                       (abs)        0087
_TRISD                       (abs)        0088
_TRISEbits                   (abs)        0089
_TXREG                       (abs)        0019
_TXSTA                       (abs)        0098
_UART_TxChar                 text13       074D
_UART_TxString               text12       06F4
_UART_init                   text11       0575
__Habs1                      abs1         0000
__Hbank0                     bank0        0000
__Hbank1                     bank1        0000
__Hbank2                     bank2        0000
__Hbank3                     bank3        0000
__HbssBANK0                  bssBANK0     0000
__HbssBANK1                  bssBANK1     0000
__HbssBANK3                  bssBANK3     0000
__HbssCOMMON                 bssCOMMON    0000
__Hcinit                     cinit        004D
__Hclrtext                   clrtext      0000
__Hcode                      code         0000
__Hcommon                    common       0000
__Hconfig                    config       2008
__HcstackBANK0               cstackBANK0  0000
__HcstackBANK1               cstackBANK1  0000
__HcstackCOMMON              cstackCOMMON 0000
__HdataBANK0                 dataBANK0    0000
__HdataCOMMON                dataCOMMON   0000
__Heeprom_data               eeprom_data  0000
__Hend_init                  end_init     0011
__Hfunctab                   functab      0000
__HidataBANK0                idataBANK0   0000
__HidataCOMMON               idataCOMMON  0000
__Hidloc                     idloc        2004
__Hinit                      init         000E
__Hintentry                  intentry     000E
__Hmaintext                  maintext     0000
__Hpowerup                   powerup      0000
__Hram                       ram          0000
__Hreset_vec                 reset_vec    0003
__Hsfr0                      sfr0         0000
__Hsfr1                      sfr1         0000
__Hsfr2                      sfr2         0000
__Hsfr3                      sfr3         0000
__Hspace_0                   (abs)        077C
__Hspace_1                   (abs)        01C2
__Hspace_2                   (abs)        0000
__Hspace_3                   (abs)        0000
__Hspace_4                   (abs)        400F
__Hstack                     stack        0000
__Hstrings                   strings      0000
__Htext                      text         0000
__Labs1                      abs1         0000
__Lbank0                     bank0        0000
__Lbank1                     bank1        0000
__Lbank2                     bank2        0000
__Lbank3                     bank3        0000
__LbssBANK0                  bssBANK0     0000
__LbssBANK1                  bssBANK1     0000
__LbssBANK3                  bssBANK3     0000
__LbssCOMMON                 bssCOMMON    0000
__Lcinit                     cinit        0011
__Lclrtext                   clrtext      0000
__Lcode                      code         0000
__Lcommon                    common       0000
__Lconfig                    config       0000
__LcstackBANK0               cstackBANK0  0000
__LcstackBANK1               cstackBANK1  0000
__LcstackCOMMON              cstackCOMMON 0000
__LdataBANK0                 dataBANK0    0000
__LdataCOMMON                dataCOMMON   0000
__Leeprom_data               eeprom_data  0000
__Lend_init                  end_init     000E
__Lfunctab                   functab      0000
__LidataBANK0                idataBANK0   0000
__LidataCOMMON               idataCOMMON  0000
__Lidloc                     idloc        0000
__Linit                      init         000E
__Lintentry                  intentry     0004
__Lmaintext                  maintext     0000
__Lpowerup                   powerup      0000
__Lram                       ram          0000
__Lreset_vec                 reset_vec    0000
__Lsfr0                      sfr0         0000
__Lsfr1                      sfr1         0000
__Lsfr2                      sfr2         0000
__Lsfr3                      sfr3         0000
__Lspace_0                   (abs)        0000
__Lspace_1                   (abs)        0000
__Lspace_2                   (abs)        0000
__Lspace_3                   (abs)        0000
__Lspace_4                   (abs)        0000
__Lstack                     stack        0000
__Lstrings                   strings      0000
__Ltext                      text         0000
__S0                         (abs)        077C
__S1                         (abs)        01C2
__S3                         (abs)        0000
___aldiv                     text19       01D3
___aldiv@counter             cstackBANK0  0036
___aldiv@dividend            cstackBANK0  0031
___aldiv@divisor             cstackBANK0  002D
___aldiv@quotient            cstackBANK0  0038
___aldiv@sign                cstackBANK0  0037
___almod                     text18       02FA
___almod@counter             cstackBANK0  0028
___almod@dividend            cstackBANK0  0024
___almod@divisor             cstackBANK0  0020
___almod@sign                cstackBANK0  0029
___awmod                     text4        03E8
___awmod@counter             cstackBANK0  0037
___awmod@dividend            cstackBANK0  0035
___awmod@divisor             cstackBANK0  0033
___awmod@sign                cstackBANK0  0038
___int_sp                    stack        0000
___latbits                   (abs)        0002
___lmul                      text17       04E6
___lmul@multiplicand         cstackBANK0  0024
___lmul@multiplier           cstackBANK0  0020
___lmul@product              cstackBANK0  0028
___sp                        stack        0000
___stackhi                   (abs)        0000
___stacklo                   (abs)        0000
___wmul                      text16       06CD
___wmul@multiplicand         cstackBANK0  0022
___wmul@multiplier           cstackBANK0  0020
___wmul@product              cstackCOMMON 0074
__end_of_ConcatToPacket      text20       04E6
__end_of_ConvertToString     text14       0127
__end_of_IRS                 text22       0639
__end_of_UART_TxChar         text13       075B
__end_of_UART_TxString       text12       0719
__end_of_UART_init           text11       05BB
__end_of___aldiv             text19       0270
__end_of___almod             text18       0381
__end_of___awmod             text4        0443
__end_of___lmul              text17       052E
__end_of___wmul              text16       06F4
__end_of__initialization     cinit        0049
__end_of__stringtab          strings      0685
__end_of_colMask             strings      0698
__end_of_init_LCD            text9        049C
__end_of_init_NumPad         text8        0766
__end_of_init_PIC            text6        0738
__end_of_init_Timer0         text7        074D
__end_of_keys                strings      0691
__end_of_lcdPrint            text5        05FC
__end_of_lcdSend             text10       06CD
__end_of_main                maintext     02FA
__end_of_pow                 text15       0675
__end_of_rand                text3        0575
__end_of_read_NumPad         text1        01D3
__end_of_rowMask             strings      0695
__end_of_srand               text2        076F
__end_of_strcat              text21       03E8
__initialization             cinit        0011
__pbssBANK0                  bssBANK0     0049
__pbssBANK1                  bssBANK1     00E2
__pbssBANK3                  bssBANK3     0190
__pbssCOMMON                 bssCOMMON    0076
__pcstackBANK0               cstackBANK0  0020
__pcstackBANK1               cstackBANK1  00A0
__pcstackCOMMON              cstackCOMMON 0070
__pdataBANK0                 dataBANK0    004D
__pdataCOMMON                dataCOMMON   0079
__pidataBANK0                idataBANK0   0777
__pidataCOMMON               idataCOMMON  077B
__pintentry                  intentry     0004
__pmaintext                  maintext     0270
__pstrings                   strings      0675
__ptext1                     text1        0127
__ptext10                    text10       06A2
__ptext11                    text11       0575
__ptext12                    text12       06F4
__ptext13                    text13       074D
__ptext14                    text14       004D
__ptext15                    text15       0639
__ptext16                    text16       06CD
__ptext17                    text17       04E6
__ptext18                    text18       02FA
__ptext19                    text19       01D3
__ptext2                     text2        0766
__ptext20                    text20       049C
__ptext21                    text21       0381
__ptext22                    text22       05FC
__ptext3                     text3        052E
__ptext4                     text4        03E8
__ptext5                     text5        05BB
__ptext6                     text6        0719
__ptext7                     text7        0738
__ptext8                     text8        075B
__ptext9                     text9        0443
__stringbase                 strings      0684
__stringtab                  strings      0675
_colMask                     strings      0695
_colScan                     bssCOMMON    0078
_dato                        bssBANK3     0190
_i                           bssBANK1     00E7
_init_LCD                    text9        0443
_init_NumPad                 text8        075B
_init_PIC                    text6        0719
_init_Timer0                 text7        0738
_keyf                        bssCOMMON    0076
_keypressed                  dataCOMMON   0079
_lcdPrint                    text5        05BB
_lcdSend                     text10       06A2
_main                        maintext     0270
_milliseconds                bssBANK0     0049
_num_rand                    bssBANK1     00E4
_old_num_rand                bssBANK1     00E2
_pow                         text15       0639
_rand                        text3        052E
_randx                       dataBANK0    004D
_read_NumPad                 text1        0127
_recieved                    bssBANK1     00E6
_rowMask                     strings      0691
_rowScan                     bssCOMMON    0077
_srand                       text2        0766
_strcat                      text21       0381
btemp                        (abs)        007E
clear_ram0                   clrtext      076F
end_of_initialization        cinit        0049
interrupt_function           intentry     0004
intlevel0                    functab      0000
intlevel1                    functab      0000
intlevel2                    functab      0000
intlevel3                    functab      0000
intlevel4                    functab      0000
intlevel5                    functab      0000
lcdPrint@n                   cstackBANK0  0027
lcdPrint@str                 cstackBANK0  0022
lcdSend@dato                 cstackCOMMON 0075
lcdSend@tipo                 cstackCOMMON 0074
main@num_rand_s              cstackBANK1  00D2
main@packet                  cstackBANK1  00A0
pow@b                        cstackBANK0  0028
pow@exp                      cstackBANK0  0024
pow@i                        cstackBANK0  0029
pow@n                        cstackBANK0  002B
reset_vec                    reset_vec    0000
saved_w                      (abs)        007E
srand@x                      cstackCOMMON 0074
start                        init         000E
start_initialization         cinit        0011
strcat@length_str1           cstackBANK0  0028
strcat@n                     cstackBANK0  0025
strcat@str1                  cstackBANK0  0027
strcat@str2                  cstackCOMMON 0074
wtemp0                       (abs)        007E


MODULE INFORMATION

Module		Function		Class		Link	Load	Size
C:\Program Files\Microchip\xc8\v2.40\pic\sources\c90\common\aldiv.c
		___aldiv       		CODE           	01D3	0000	157

C:\Program Files\Microchip\xc8\v2.40\pic\sources\c90\common\aldiv.c estimated size: 157

C:\Program Files\Microchip\xc8\v2.40\pic\sources\c90\common\rand.c
		_srand         		CODE           	0766	0000	9
		_rand          		CODE           	052E	0000	71

C:\Program Files\Microchip\xc8\v2.40\pic\sources\c90\common\rand.c estimated size: 80

C:\Program Files\Microchip\xc8\v2.40\pic\sources\c90\common\Umul16.c
		___wmul        		CODE           	06CD	0000	39

C:\Program Files\Microchip\xc8\v2.40\pic\sources\c90\common\Umul16.c estimated size: 39

shared
		__stringtab    		STRING         	0675	0000	16
		_rowMask       		STRING         	0691	0000	4
		_keys          		STRING         	0000	0000	0
		__initialization		CODE           	0011	0000	56
		_colMask       		STRING         	0695	0000	3

shared estimated size: 79

C:\Program Files\Microchip\xc8\v2.40\pic\sources\c90\common\awmod.c
		___awmod       		CODE           	03E8	0000	91

C:\Program Files\Microchip\xc8\v2.40\pic\sources\c90\common\awmod.c estimated size: 91

C:\Program Files\Microchip\xc8\v2.40\pic\sources\c90\common\Umul32.c
		___lmul        		CODE           	04E6	0000	72

C:\Program Files\Microchip\xc8\v2.40\pic\sources\c90\common\Umul32.c estimated size: 72

main.c
		_ConvertToString		CODE           	004D	0000	218
		_UART_TxString 		CODE           	06F4	0000	37
		_ConcatToPacket		CODE           	049C	0000	74
		_init_PIC      		CODE           	0719	0000	31
		_IRS           		CODE           	05FC	0000	61
		_UART_init     		CODE           	0575	0000	70
		_main          		CODE           	0270	0000	138
		_init_Timer0   		CODE           	0738	0000	21
		_init_LCD      		CODE           	0443	0000	89
		_init_NumPad   		CODE           	075B	0000	11
		_pow           		CODE           	0639	0000	60
		_strcat        		CODE           	0381	0000	103
		_lcdSend       		CODE           	06A2	0000	43
		_read_NumPad   		CODE           	0127	0000	172
		_lcdPrint      		CODE           	05BB	0000	65
		_UART_TxChar   		CODE           	074D	0000	14

main.c estimated size: 1207

C:\Program Files\Microchip\xc8\v2.40\pic\sources\c90\common\almod.c
		___almod       		CODE           	02FA	0000	135

C:\Program Files\Microchip\xc8\v2.40\pic\sources\c90\common\almod.c estimated size: 135

