Microchip MPLAB XC8 Compiler V2.40

Linker command line:

-W-3 \
  --edf=C:\Program Files\Microchip\xc8\v2.40\pic\dat\20220703182018_en.msgs \
  -cn -h+dist/default/production\Project_Work.X.production.sym \
  --cmf=dist/default/production\Project_Work.X.production.cmf -z -Q16F877A \
  -oC:\Users\ADMINI~1\AppData\Local\Temp\xcAspi0.5 --defsym=__MPLAB_BUILD=1 \
  --fixupoverflow=error \
  -Mdist/default/production/Project_Work.X.production.map \
  --md=C:\Users\ADMINI~1\AppData\Local\Temp\xcAspi0.dat -E1 \
  -ver=XC8 Compiler --acfsm=1493 -ACODE=00h-07FFhx4 -ASTRCODE=00h-01FFFh \
  -ASTRING=00h-0FFhx32 -ACONST=00h-0FFhx32 -AENTRY=00h-0FFhx32 \
  -ACOMMON=070h-07Fh -ABANK0=020h-06Fh -ABANK1=0A0h-0EFh \
  -ABANK2=0110h-016Fh -ABANK3=0190h-01EFh \
  -ARAM=020h-06Fh,0A0h-0EFh,0110h-016Fh,0190h-01EFh \
  -AABS1=020h-07Fh,0A0h-0EFh,0110h-016Fh,0190h-01EFh -ASFR0=00h-01Fh \
  -ASFR1=080h-09Fh -ASFR2=0100h-010Fh -ASFR3=0180h-018Fh \
  -ACONFIG=02007h-02007h -DCONFIG=2 -AIDLOC=02000h-02003h -DIDLOC=2 \
  -AEEDATA=00h-0FFh/02100h -peeprom_data=EEDATA -DEEDATA=2 -DCODE=2 \
  -DSTRCODE=2 -DSTRING=2 -DCONST=2 -DENTRY=2 \
  -preset_vec=00h,intentry=04h,init,end_init -ppowerup=CODE -pcinit=CODE \
  -pfunctab=ENTRY -k C:\Users\ADMINI~1\AppData\Local\Temp\xcAspi0.o \
  dist/default/production\Project_Work.X.production.o 

Object code version is 3.11

Machine type is 16F877A



                Name                               Link     Load   Length Selector   Space Scale
C:\Users\ADMINI~1\AppData\Local\Temp\xcAspi0.o
                end_init                             10       10        3        8       0
                reset_vec                             0        0        3        0       0
                config                             2007     2007        1        0       4
                idloc                              2000     2000        4        0       5
dist/default/production\Project_Work.X.production.o
                cinit                                13       13       56        8       0
                intentry                              4        4        C        8       0
                config                             2007     2007        1        0       4
                idloc                              2000     2000        4        0       5
                text36                             1560     1560        E     2AC0       0
                text35                              8CD      8CD       5B     119A       0
                text34                             15C5     15C5       27     2B8A       0
                text33                             1729     1729       46     2E52       0
                text32                             176F     176F       47     2EDE       0
                text31                             154E     154E        9     2A9C       0
                text30                              C7B      C7B       79     18F6       0
                text29                              D70      D70       8A     1AE0       0
                text28                             1640     1640       36     2C80       0
                text27                              CF4      CF4       7C     19E8       0
                text26                             17B6     17B6       4A     2F6C       0
                text25                              928      928       5F     1250       0
                text24                              651      651       AD        8       0
                text23                             156E     156E        E     2ADC       0
                text22                              987      987       5F     130E       0
                text21                             15EC     15EC       27     2BD8       0
                text20                              827      827       50     104E       0
                text19                              B21      B21       71     1642       0
                text18                             1557     1557        9     2AAE       0
                text17                              C06      C06       75     180C       0
                text16                              E89      E89       9D     1D12       0
                text15                              DFA      DFA       8F     1BF4       0
                text14                             16AD     16AD       3C     2D5A       0
                text13                              F26      F26       DA     1E4C       0
                text12                              A4B      A4B       66     1496       0
                text11                             16E9     16E9       40     2DD2       0
                text10                             15A6     15A6       1F     2B4C       0
                text9                              1613     1613       2D     2C26       0
                text8                               9E6      9E6       65     13CC       0
                text7                              157C     157C       11     2AF8       0
                text6                              158D     158D       19     2B1A       0
                text5                               877      877       56     10EE       0
                text4                               B92      B92       74     1724       0
                text3                               AB1      AB1       70     1562       0
                text2                              1676     1676       37     2CEC       0
                text1                               429      429      228        8       0
                maintext                             69       69      3C0        8       0
                cstackBANK0                          20       20       1E       20       1
                cstackCOMMON                         70       70        E       70       1
                cstackBANK1                          A0       A0       44       A0       1
                cstackBANK3                         1CA      1CA       24      190       1
                clrtext                            1546     1546        8     2A8C       0
                bssBANK2                            110      110       32      110       1
                dataBANK3                           1EE      1EE        2      190       1
                bssBANK3                            190      190       3A      190       1
                dataBANK1                            EF       EF        1       A0       1
                bssBANK1                             E4       E4        B       A0       1
                dataBANK0                            50       50        4       20       1
                bssBANK0                             3E       3E       12       20       1
                stringtext                          700      700      121        E       0
                idataBANK3                          6FE      6FE        2        8       0
                idataBANK1                            3        3        1        0       0
                idataBANK0                          823      823        4     1046       0

TOTAL           Name                               Link     Load   Length     Space
        CLASS   CODE           
                end_init                             10       10        3         0
                cinit                                13       13       56         0
                intentry                              4        4        C         0
                reset_vec                             0        0        3         0
                text36                             1560     1560        E         0
                text35                              8CD      8CD       5B         0
                text34                             15C5     15C5       27         0
                text33                             1729     1729       46         0
                text32                             176F     176F       47         0
                text31                             154E     154E        9         0
                text30                              C7B      C7B       79         0
                text29                              D70      D70       8A         0
                text28                             1640     1640       36         0
                text27                              CF4      CF4       7C         0
                text26                             17B6     17B6       4A         0
                text25                              928      928       5F         0
                text24                              651      651       AD         0
                text23                             156E     156E        E         0
                text22                              987      987       5F         0
                text21                             15EC     15EC       27         0
                text20                              827      827       50         0
                text19                              B21      B21       71         0
                text18                             1557     1557        9         0
                text17                              C06      C06       75         0
                text16                              E89      E89       9D         0
                text15                              DFA      DFA       8F         0
                text14                             16AD     16AD       3C         0
                text13                              F26      F26       DA         0
                text12                              A4B      A4B       66         0
                text11                             16E9     16E9       40         0
                text10                             15A6     15A6       1F         0
                text9                              1613     1613       2D         0
                text8                               9E6      9E6       65         0
                text7                              157C     157C       11         0
                text6                              158D     158D       19         0
                text5                               877      877       56         0
                text4                               B92      B92       74         0
                text3                               AB1      AB1       70         0
                text2                              1676     1676       37         0
                text1                               429      429      228         0
                maintext                             69       69      3C0         0
                clrtext                            1546     1546        8         0
                idataBANK3                          6FE      6FE        2         0
                idataBANK1                            3        3        1         0
                idataBANK0                          823      823        4         0

        CLASS   STRCODE        
                stringtext                          700      700      121         0

        CLASS   STRING         

        CLASS   CONST          

        CLASS   ENTRY          

        CLASS   COMMON         
                cstackCOMMON                         70       70        E         1

        CLASS   BANK0          
                cstackBANK0                          20       20       1E         1
                dataBANK0                            50       50        4         1
                bssBANK0                             3E       3E       12         1

        CLASS   BANK1          
                cstackBANK1                          A0       A0       44         1
                dataBANK1                            EF       EF        1         1
                bssBANK1                             E4       E4        B         1

        CLASS   BANK2          
                bssBANK2                            110      110       32         1

        CLASS   BANK3          
                cstackBANK3                         1CA      1CA       24         1
                dataBANK3                           1EE      1EE        2         1
                bssBANK3                            190      190       3A         1

        CLASS   RAM            

        CLASS   ABS1           
                abs_s1                               7E       7E        2         1

        CLASS   SFR0           

        CLASS   SFR1           

        CLASS   SFR2           

        CLASS   SFR3           

        CLASS   CONFIG         
                config                             2007     2007        1         4

        CLASS   IDLOC          
                idloc                              2000     2000        4         5

        CLASS   EEDATA         

        CLASS   STACK          



SEGMENTS        Name                           Load    Length   Top    Selector   Space  Class     Delta

                reset_vec                      000000  000004  000004         0       0  CODE        2
                intentry                       000004  0006FC  000700         8       0  CODE        2
                cstackBANK0                    000020  000034  000054        20       1  BANK0       1
                cstackCOMMON                   000070  00000E  00007E        70       1  COMMON      1
                cstackBANK1                    0000A0  000050  0000F0        A0       1  BANK1       1
                bssBANK2                       000110  000032  000142       110       1  BANK2       1
                bssBANK3                       000190  000060  0001F0       190       1  BANK3       1
                stringtext                     000700  000121  000821         E       0  STRCODE     2
                idataBANK0                     000823  000004  000827      1046       0  CODE        2
                text20                         000827  000050  000877      104E       0  CODE        2
                text5                          000877  000056  0008CD      10EE       0  CODE        2
                text35                         0008CD  00005B  000928      119A       0  CODE        2
                text25                         000928  00005F  000987      1250       0  CODE        2
                text22                         000987  00005F  0009E6      130E       0  CODE        2
                text8                          0009E6  000065  000A4B      13CC       0  CODE        2
                text12                         000A4B  000066  000AB1      1496       0  CODE        2
                text3                          000AB1  000070  000B21      1562       0  CODE        2
                text19                         000B21  000071  000B92      1642       0  CODE        2
                text4                          000B92  000074  000C06      1724       0  CODE        2
                text17                         000C06  000075  000C7B      180C       0  CODE        2
                text30                         000C7B  000079  000CF4      18F6       0  CODE        2
                text27                         000CF4  00007C  000D70      19E8       0  CODE        2
                text29                         000D70  00008A  000DFA      1AE0       0  CODE        2
                text15                         000DFA  00008F  000E89      1BF4       0  CODE        2
                text16                         000E89  00009D  000F26      1D12       0  CODE        2
                text13                         000F26  0000DA  001000      1E4C       0  CODE        2
                clrtext                        001546  000008  00154E      2A8C       0  CODE        2
                text31                         00154E  000009  001557      2A9C       0  CODE        2
                text18                         001557  000009  001560      2AAE       0  CODE        2
                text36                         001560  00000E  00156E      2AC0       0  CODE        2
                text23                         00156E  00000E  00157C      2ADC       0  CODE        2
                text7                          00157C  000011  00158D      2AF8       0  CODE        2
                text6                          00158D  000019  0015A6      2B1A       0  CODE        2
                text10                         0015A6  00001F  0015C5      2B4C       0  CODE        2
                text34                         0015C5  000027  0015EC      2B8A       0  CODE        2
                text21                         0015EC  000027  001613      2BD8       0  CODE        2
                text9                          001613  00002D  001640      2C26       0  CODE        2
                text28                         001640  000036  001676      2C80       0  CODE        2
                text2                          001676  000037  0016AD      2CEC       0  CODE        2
                text14                         0016AD  00003C  0016E9      2D5A       0  CODE        2
                text11                         0016E9  000040  001729      2DD2       0  CODE        2
                text33                         001729  000046  00176F      2E52       0  CODE        2
                text32                         00176F  000047  0017B6      2EDE       0  CODE        2
                text26                         0017B6  00004A  001800      2F6C       0  CODE        2


UNUSED ADDRESS RANGES

        Name                Unused          Largest block    Delta
        BANK0            0054-006F             1C           1
        BANK2            0142-016F             2E           1
        CODE             0821-0822              2           2
                         1000-1545            546
                         1800-1FFF            800
        CONST            0821-0822              2           2
                         1000-1545            100
                         1800-1FFF            100
        EEDATA           2100-21FF            100           2
        ENTRY            0821-0822              2           2
                         1000-1545            100
                         1800-1FFF            100
        RAM              0054-006F             1C           1
                         0142-016F             2E
        SFR0             0000-001F             20           1
        SFR1             0080-009F             20           1
        SFR2             0100-010F             10           1
        SFR3             0180-018F             10           1
        STRCODE          0821-0822              2           2
                         1000-1545            546
                         1800-1FFF            800
        STRING           0821-0822              2           2
                         1000-1545            100
                         1800-1FFF            100

                                  Symbol Table

?_Length                     cstackBANK0  003C
?___aldiv                    cstackBANK1  00C8
?___almod                    cstackBANK1  00A0
?___awmod                    cstackBANK1  00B3
?___lmul                     cstackBANK1  00A0
?___wmul                     cstackBANK1  00B9
?_pow                        cstackBANK1  00BF
?_rand                       cstackBANK1  00AC
?_strcat                     cstackBANK1  00A5
?i1___awmod                  cstackBANK0  0027
?i1___lmul                   cstackCOMMON 0070
?i1___wmul                   cstackBANK0  002D
?i1_rand                     cstackBANK0  0020
CompareStrings@i             cstackBANK1  00AC
CompareStrings@str1          cstackBANK1  00A5
CompareStrings@str2          cstackBANK1  00A7
ConcatToPacket@delim         cstackBANK1  00B3
ConcatToPacket@packet_length cstackBANK1  00B5
ConcatToPacket@pkt           cstackBANK1  00B7
ConcatToPacket@str           cstackBANK1  00B1
ConvertToString@i            cstackBANK1  00E1
ConvertToString@j            cstackBANK1  00DF
ConvertToString@n            cstackBANK1  00D7
ConvertToString@n_cifre      cstackBANK1  00E3
ConvertToString@str          cstackBANK1  00DB
ConvertToString@temp         cstackBANK1  00DD
Fill@id                      cstackBANK1  00A8
Fill@length                  cstackBANK1  00A6
Length@len                   cstackBANK1  00A3
Length@str                   cstackBANK0  003C
SplitPacket@i                cstackBANK1  00B7
SplitPacket@i_part           cstackBANK1  00B4
SplitPacket@len              cstackBANK1  00AB
SplitPacket@part             cstackBANK1  00AD
SplitPacket@pkt              cstackBANK1  00B6
SplitPacket@section          cstackBANK1  00B2
UART_TxChar@ch               cstackBANK0  003D
UART_TxString@is_ACK         cstackBANK1  00BF
UART_TxString@n              cstackBANK1  00C1
UART_TxString@str            cstackBANK1  00C3
UART_init@baudrate           cstackBANK1  00D7
_CompareStrings              text3        0AB1
_ConcatToPacket              text26       17B6
_ConvertToString             text13       0F26
_EEADR                       (abs)        010D
_EECON1                      (abs)        018C
_EECON1bits                  (abs)        018C
_EECON2                      (abs)        018D
_EEDATA                      (abs)        010C
_Fill                        text12       0A4B
_INTCON                      (abs)        000B
_INTCONbits                  (abs)        000B
_IRS                         text29       0D70
_Length                      text28       1640
_OPTION_REG                  (abs)        0081
_PIC_ID                      bssBANK3     01C6
_PIE1                        (abs)        008C
_PIR1                        (abs)        000C
_PORTB                       (abs)        0006
_PORTD                       (abs)        0008
_PORTEbits                   (abs)        0009
_RCIF                        (abs)        0065
_RCREG                       (abs)        001A
_RCSTA                       (abs)        0018
_SPBRG                       (abs)        0099
_STATUSbits                  (abs)        0003
_SplitPacket                 text24       0651
_T0IF                        (abs)        005A
_TMR0                        (abs)        0001
_TRISB                       (abs)        0086
_TRISC                       (abs)        0087
_TRISD                       (abs)        0088
_TRISEbits                   (abs)        0089
_TXREG                       (abs)        0019
_TXSTA                       (abs)        0098
_UART_TxChar                 text23       156E
_UART_TxString               text17       0C06
_UART_init                   text11       16E9
__Habs1                      abs1         0000
__Hbank0                     bank0        0000
__Hbank1                     bank1        0000
__Hbank2                     bank2        0000
__Hbank3                     bank3        0000
__HbssBANK0                  bssBANK0     0000
__HbssBANK1                  bssBANK1     0000
__HbssBANK2                  bssBANK2     0000
__HbssBANK3                  bssBANK3     0000
__Hcinit                     cinit        0069
__Hclrtext                   clrtext      0000
__Hcode                      code         0000
__Hcommon                    common       0000
__Hconfig                    config       2008
__HcstackBANK0               cstackBANK0  0000
__HcstackBANK1               cstackBANK1  0000
__HcstackBANK3               cstackBANK3  0000
__HcstackCOMMON              cstackCOMMON 0000
__HdataBANK0                 dataBANK0    0000
__HdataBANK1                 dataBANK1    0000
__HdataBANK3                 dataBANK3    0000
__Heeprom_data               eeprom_data  0000
__Hend_init                  end_init     0013
__Hfunctab                   functab      0000
__HidataBANK0                idataBANK0   0000
__HidataBANK1                idataBANK1   0000
__HidataBANK3                idataBANK3   0000
__Hidloc                     idloc        2004
__Hinit                      init         0010
__Hintentry                  intentry     0010
__Hmaintext                  maintext     0000
__Hpowerup                   powerup      0000
__Hram                       ram          0000
__Hreset_vec                 reset_vec    0003
__Hsfr0                      sfr0         0000
__Hsfr1                      sfr1         0000
__Hsfr2                      sfr2         0000
__Hsfr3                      sfr3         0000
__Hspace_0                   (abs)        1800
__Hspace_1                   (abs)        01F0
__Hspace_2                   (abs)        0000
__Hspace_3                   (abs)        0000
__Hspace_4                   (abs)        400F
__Hstack                     stack        0000
__Hstrings                   strings      0000
__Hstringtext                stringtext   0000
__Htext                      text         0000
__Labs1                      abs1         0000
__Lbank0                     bank0        0000
__Lbank1                     bank1        0000
__Lbank2                     bank2        0000
__Lbank3                     bank3        0000
__LbssBANK0                  bssBANK0     0000
__LbssBANK1                  bssBANK1     0000
__LbssBANK2                  bssBANK2     0000
__LbssBANK3                  bssBANK3     0000
__Lcinit                     cinit        0013
__Lclrtext                   clrtext      0000
__Lcode                      code         0000
__Lcommon                    common       0000
__Lconfig                    config       0000
__LcstackBANK0               cstackBANK0  0000
__LcstackBANK1               cstackBANK1  0000
__LcstackBANK3               cstackBANK3  0000
__LcstackCOMMON              cstackCOMMON 0000
__LdataBANK0                 dataBANK0    0000
__LdataBANK1                 dataBANK1    0000
__LdataBANK3                 dataBANK3    0000
__Leeprom_data               eeprom_data  0000
__Lend_init                  end_init     0010
__Lfunctab                   functab      0000
__LidataBANK0                idataBANK0   0000
__LidataBANK1                idataBANK1   0000
__LidataBANK3                idataBANK3   0000
__Lidloc                     idloc        0000
__Linit                      init         0010
__Lintentry                  intentry     0004
__Lmaintext                  maintext     0000
__Lpowerup                   powerup      0000
__Lram                       ram          0000
__Lreset_vec                 reset_vec    0000
__Lsfr0                      sfr0         0000
__Lsfr1                      sfr1         0000
__Lsfr2                      sfr2         0000
__Lsfr3                      sfr3         0000
__Lspace_0                   (abs)        0000
__Lspace_1                   (abs)        0000
__Lspace_2                   (abs)        0000
__Lspace_3                   (abs)        0000
__Lspace_4                   (abs)        0000
__Lstack                     stack        0000
__Lstrings                   strings      0000
__Lstringtext                stringtext   0000
__Ltext                      text         0000
__S0                         (abs)        1800
__S1                         (abs)        01F0
__S3                         (abs)        0000
___aldiv                     text16       0E89
___aldiv@counter             cstackBANK1  00D1
___aldiv@dividend            cstackBANK1  00CC
___aldiv@divisor             cstackBANK1  00C8
___aldiv@quotient            cstackBANK1  00D3
___aldiv@sign                cstackBANK1  00D2
___almod                     text15       0DFA
___almod@counter             cstackBANK1  00A8
___almod@dividend            cstackBANK1  00A4
___almod@divisor             cstackBANK1  00A0
___almod@sign                cstackBANK1  00A9
___awmod                     text22       0987
___awmod@counter             cstackBANK1  00B7
___awmod@dividend            cstackBANK1  00B5
___awmod@divisor             cstackBANK1  00B3
___awmod@sign                cstackBANK1  00B8
___int_sp                    stack        0000
___latbits                   (abs)        0002
___lmul                      text20       0827
___lmul@multiplicand         cstackBANK1  00A4
___lmul@multiplier           cstackBANK1  00A0
___lmul@product              cstackBANK1  00A8
___sp                        stack        0000
___stackhi                   (abs)        0000
___stacklo                   (abs)        0000
___wmul                      text21       15EC
___wmul@multiplicand         cstackBANK1  00BB
___wmul@multiplier           cstackBANK1  00B9
___wmul@product              cstackBANK1  00BD
__end_of_CompareStrings      text3        0B21
__end_of_ConcatToPacket      text26       1800
__end_of_ConvertToString     text13       1000
__end_of_Fill                text12       0AB1
__end_of_IRS                 text29       0DFA
__end_of_Length              text28       1676
__end_of_SplitPacket         text24       06FE
__end_of_UART_TxChar         text23       157C
__end_of_UART_TxString       text17       0C7B
__end_of_UART_init           text11       1729
__end_of___aldiv             text16       0F26
__end_of___almod             text15       0E89
__end_of___awmod             text22       09E6
__end_of___lmul              text20       0877
__end_of___wmul              text21       1613
__end_of__initialization     cinit        0065
__end_of__stringtab          stringtext   0712
__end_of_colMask             stringtext   0725
__end_of_eeprom_read         text10       15C5
__end_of_eeprom_write        text2        16AD
__end_of_init_LCD            text8        0A4B
__end_of_init_NumPad         text7        158D
__end_of_init_PIC            text4        0C06
__end_of_init_Timer0         text6        15A6
__end_of_keys                stringtext   071E
__end_of_lcdPrint            text5        08CD
__end_of_lcdSend             text9        1640
__end_of_main                maintext     0429
__end_of_pow                 text14       16E9
__end_of_rand                text19       0B92
__end_of_read_NumPad         text1        0651
__end_of_rowMask             stringtext   0722
__end_of_srand               text18       1560
__end_of_strcat              text27       0D70
__end_of_strcopy             text25       0987
__end_ofi1_UART_TxChar       text36       156E
__end_ofi1_UART_TxString     text30       0CF4
__end_ofi1___awmod           text35       0928
__end_ofi1___lmul            text33       176F
__end_ofi1___wmul            text34       15EC
__end_ofi1_rand              text32       17B6
__end_ofi1_srand             text31       1557
__initialization             cinit        0013
__pbssBANK0                  bssBANK0     003E
__pbssBANK1                  bssBANK1     00E4
__pbssBANK2                  bssBANK2     0110
__pbssBANK3                  bssBANK3     0190
__pcstackBANK0               cstackBANK0  0020
__pcstackBANK1               cstackBANK1  00A0
__pcstackBANK3               cstackBANK3  01CA
__pcstackCOMMON              cstackCOMMON 0070
__pdataBANK0                 dataBANK0    0050
__pdataBANK1                 dataBANK1    00EF
__pdataBANK3                 dataBANK3    01EE
__pidataBANK0                idataBANK0   0823
__pidataBANK1                idataBANK1   0003
__pidataBANK3                idataBANK3   06FE
__pintentry                  intentry     0004
__pmaintext                  maintext     0069
__pstringtext                stringtext   0700
__ptext1                     text1        0429
__ptext10                    text10       15A6
__ptext11                    text11       16E9
__ptext12                    text12       0A4B
__ptext13                    text13       0F26
__ptext14                    text14       16AD
__ptext15                    text15       0DFA
__ptext16                    text16       0E89
__ptext17                    text17       0C06
__ptext18                    text18       1557
__ptext19                    text19       0B21
__ptext2                     text2        1676
__ptext20                    text20       0827
__ptext21                    text21       15EC
__ptext22                    text22       0987
__ptext23                    text23       156E
__ptext24                    text24       0651
__ptext25                    text25       0928
__ptext26                    text26       17B6
__ptext27                    text27       0CF4
__ptext28                    text28       1640
__ptext29                    text29       0D70
__ptext3                     text3        0AB1
__ptext30                    text30       0C7B
__ptext31                    text31       154E
__ptext32                    text32       176F
__ptext33                    text33       1729
__ptext34                    text34       15C5
__ptext35                    text35       08CD
__ptext36                    text36       1560
__ptext4                     text4        0B92
__ptext5                     text5        0877
__ptext6                     text6        158D
__ptext7                     text7        157C
__ptext8                     text8        09E6
__ptext9                     text9        1613
__stringbase                 stringtext   0712
__stringtab                  stringtext   0700
_colMask                     stringtext   0722
_colScan                     bssBANK1     00EE
_compare                     bssBANK3     019A
_dato                        bssBANK2     0110
_datoSeriale                 bssBANK0     003F
_datoTastierino              bssBANK3     01A2
_eeprom_read                 text10       15A6
_eeprom_write                text2        1676
_fail                        bssBANK3     0198
_iS                          bssBANK0     003E
_iT                          bssBANK3     019D
_i_id                        bssBANK3     01A1
_id_dest                     bssBANK3     01C2
_init_LCD                    text8        09E6
_init_NumPad                 text7        157C
_init_PIC                    text4        0B92
_init_Timer0                 text6        158D
_initialize                  dataBANK3    01EF
_keyf                        bssBANK1     00EC
_keypressed                  dataBANK1    00EF
_keys                        stringtext   0712
_lcdPrint                    text5        0877
_lcdSend                     text9        1613
_main                        maintext     0069
_maxFail                     dataBANK3    01EE
_milliseconds                bssBANK1     00E8
_num_rand                    bssBANK3     0192
_old_iT                      bssBANK3     019C
_old_i_id                    bssBANK3     01A0
_old_num_rand                bssBANK3     0190
_packet                      bssBANK3     01B3
_pow                         text14       16AD
_pr_countdown                bssBANK3     0194
_pr_err_max                  bssBANK3     0196
_pr_start                    bssBANK3     0197
_pr_succ                     bssBANK3     0195
_rand                        text19       0B21
_randx                       dataBANK0    0050
_read_NumPad                 text1        0429
_recieved                    bssBANK3     019B
_rowMask                     stringtext   071E
_rowScan                     bssBANK1     00ED
_seconds                     bssBANK1     00E4
_source                      bssBANK3     019F
_srand                       text18       1557
_strcat                      text27       0CF4
_strcopy                     text25       0928
_success                     bssBANK3     0199
_type                        bssBANK3     019E
btemp                        (abs)        007E
clear_ram0                   clrtext      1546
eeprom_read@addr             cstackBANK0  003D
eeprom_write@addr            cstackBANK1  00A0
eeprom_write@value           cstackBANK0  003C
end_of_initialization        cinit        0065
i1UART_TxChar@ch             cstackCOMMON 0071
i1UART_TxString@is_ACK       cstackBANK0  0033
i1UART_TxString@n            cstackBANK0  0036
i1UART_TxString@str          cstackBANK0  0035
i1_UART_TxChar               text36       1560
i1_UART_TxString             text30       0C7B
i1___awmod                   text35       08CD
i1___awmod@counter           cstackBANK0  002B
i1___awmod@dividend          cstackBANK0  0029
i1___awmod@divisor           cstackBANK0  0027
i1___awmod@sign              cstackBANK0  002C
i1___lmul                    text33       1729
i1___lmul@multiplicand       cstackCOMMON 0074
i1___lmul@multiplier         cstackCOMMON 0070
i1___lmul@product            cstackCOMMON 0079
i1___wmul                    text34       15C5
i1___wmul@multiplicand       cstackBANK0  002F
i1___wmul@multiplier         cstackBANK0  002D
i1___wmul@product            cstackBANK0  0031
i1_rand                      text32       176F
i1_srand                     text31       154E
i1srand@x                    cstackCOMMON 0070
init_PIC@id                  cstackBANK3  01CC
interrupt_function           intentry     0004
intlevel0                    functab      0000
intlevel1                    functab      0000
intlevel2                    functab      0000
intlevel3                    functab      0000
intlevel4                    functab      0000
intlevel5                    functab      0000
lcdPrint@n                   cstackBANK1  00A7
lcdPrint@str                 cstackBANK1  00A2
lcdSend@dato                 cstackBANK0  003D
lcdSend@tipo                 cstackBANK0  003C
main@num_rand_s              cstackBANK3  01CE
main@num_rand_s_228          cstackBANK3  01DE
pow@b                        cstackBANK1  00C3
pow@exp                      cstackBANK1  00BF
pow@i                        cstackBANK1  00C4
pow@n                        cstackBANK1  00C6
read_NumPad@id               cstackBANK1  00C9
reset_vec                    reset_vec    0000
saved_w                      (abs)        007E
srand@x                      cstackBANK0  003C
start                        init         0010
start_initialization         cinit        0013
strcat@dest                  cstackBANK1  00AC
strcat@length_dest           cstackBANK1  00AF
strcat@n                     cstackBANK1  00AD
strcat@source                cstackBANK1  00A5
strcopy@dest                 cstackBANK1  00A0
strcopy@n                    cstackBANK0  003C
strcopy@source               cstackBANK1  00A2
wtemp0                       (abs)        007E


MODULE INFORMATION

Module		Function		Class		Link	Load	Size
C:\Program Files\Microchip\xc8\v2.40\pic\sources\c90\pic\__eeread.c
		_eeprom_read   		CODE           	15A6	0000	31

C:\Program Files\Microchip\xc8\v2.40\pic\sources\c90\pic\__eeread.c estimated size: 31

C:\Program Files\Microchip\xc8\v2.40\pic\sources\c90\common\aldiv.c
		___aldiv       		CODE           	0E89	0000	157

C:\Program Files\Microchip\xc8\v2.40\pic\sources\c90\common\aldiv.c estimated size: 157

C:\Program Files\Microchip\xc8\v2.40\pic\sources\c90\common\rand.c
		_srand         		CODE           	1557	0000	9
		_rand          		CODE           	0B21	0000	113

C:\Program Files\Microchip\xc8\v2.40\pic\sources\c90\common\rand.c estimated size: 122

C:\Program Files\Microchip\xc8\v2.40\pic\sources\c90\common\Umul16.c
		___wmul        		CODE           	15EC	0000	39

C:\Program Files\Microchip\xc8\v2.40\pic\sources\c90\common\Umul16.c estimated size: 39

shared
		__stringtab    		STRCODE        	0700	0000	18
		i1_rand        		CODE           	176F	0000	71
		_rowMask       		STRCODE        	071E	0000	4
		i1___wmul      		CODE           	15C5	0000	39
		i1_UART_TxChar 		CODE           	1560	0000	14
		_keys          		STRCODE        	0712	0000	12
		__initialization		CODE           	0013	0000	82
		i1___lmul      		CODE           	1729	0000	70
		i1___awmod     		CODE           	08CD	0000	91
		_colMask       		STRCODE        	0722	0000	3
		i1_srand       		CODE           	154E	0000	9
		i1_UART_TxString		CODE           	0C7B	0000	121

shared estimated size: 534

C:\Program Files\Microchip\xc8\v2.40\pic\sources\c90\pic\__eewrite.c
		_eeprom_write  		CODE           	1676	0000	55

C:\Program Files\Microchip\xc8\v2.40\pic\sources\c90\pic\__eewrite.c estimated size: 55

C:\Program Files\Microchip\xc8\v2.40\pic\sources\c90\common\awmod.c
		___awmod       		CODE           	0987	0000	95

C:\Program Files\Microchip\xc8\v2.40\pic\sources\c90\common\awmod.c estimated size: 95

C:\Program Files\Microchip\xc8\v2.40\pic\sources\c90\common\Umul32.c
		___lmul        		CODE           	0827	0000	80

C:\Program Files\Microchip\xc8\v2.40\pic\sources\c90\common\Umul32.c estimated size: 80

main.c
		_Fill          		CODE           	0A4B	0000	102
		_ConvertToString		CODE           	0F26	0000	218
		_UART_TxString 		CODE           	0C06	0000	117
		_strcopy       		CODE           	0928	0000	95
		_ConcatToPacket		CODE           	17B6	0000	74
		_init_PIC      		CODE           	0B92	0000	116
		_CompareStrings		CODE           	0AB1	0000	112
		_IRS           		CODE           	0D70	0000	138
		_UART_init     		CODE           	16E9	0000	64
		_SplitPacket   		CODE           	0651	0000	173
		_main          		CODE           	0069	0000	960
		_Length        		CODE           	1640	0000	54
		_init_Timer0   		CODE           	158D	0000	25
		_init_LCD      		CODE           	09E6	0000	101
		_init_NumPad   		CODE           	157C	0000	17
		_pow           		CODE           	16AD	0000	60
		_strcat        		CODE           	0CF4	0000	124
		_lcdSend       		CODE           	1613	0000	45
		_read_NumPad   		CODE           	0429	0000	552
		_lcdPrint      		CODE           	0877	0000	86
		_UART_TxChar   		CODE           	156E	0000	14

main.c estimated size: 3247

C:\Program Files\Microchip\xc8\v2.40\pic\sources\c90\common\almod.c
		___almod       		CODE           	0DFA	0000	143

C:\Program Files\Microchip\xc8\v2.40\pic\sources\c90\common\almod.c estimated size: 143

