Microchip MPLAB XC8 Compiler V2.40

Linker command line:

-W-3 \
  --edf=C:\Program Files\Microchip\xc8\v2.40\pic\dat\20220703182018_en.msgs \
  -cn -h+dist/default/production\Project_Work.X.production.sym \
  --cmf=dist/default/production\Project_Work.X.production.cmf -z -Q16F877A \
  -oC:\Users\ADMINI~1\AppData\Local\Temp\xcAs3kk.4 --defsym=__MPLAB_BUILD=1 \
  --fixupoverflow=error \
  -Mdist/default/production/Project_Work.X.production.map \
  --md=C:\Users\ADMINI~1\AppData\Local\Temp\xcAs3kk.dat -E1 \
  -ver=XC8 Compiler --acfsm=1493 -ACODE=00h-07FFhx4 -ASTRCODE=00h-01FFFh \
  -ASTRING=00h-0FFhx32 -ACONST=00h-0FFhx32 -AENTRY=00h-0FFhx32 \
  -ACOMMON=070h-07Fh -ABANK0=020h-06Fh -ABANK1=0A0h-0EFh \
  -ABANK2=0110h-016Fh -ABANK3=0190h-01EFh \
  -ARAM=020h-06Fh,0A0h-0EFh,0110h-016Fh,0190h-01EFh \
  -AABS1=020h-07Fh,0A0h-0EFh,0110h-016Fh,0190h-01EFh -ASFR0=00h-01Fh \
  -ASFR1=080h-09Fh -ASFR2=0100h-010Fh -ASFR3=0180h-018Fh \
  -ACONFIG=02007h-02007h -DCONFIG=2 -AIDLOC=02000h-02003h -DIDLOC=2 \
  -AEEDATA=00h-0FFh/02100h -peeprom_data=EEDATA -DEEDATA=2 -DCODE=2 \
  -DSTRCODE=2 -DSTRING=2 -DCONST=2 -DENTRY=2 \
  -preset_vec=00h,intentry=04h,init,end_init -ppowerup=CODE -pcinit=CODE \
  -pfunctab=ENTRY -k C:\Users\ADMINI~1\AppData\Local\Temp\xcAs3kk.o \
  dist/default/production\Project_Work.X.production.o 

Object code version is 3.11

Machine type is 16F877A



                Name                               Link     Load   Length Selector   Space Scale
C:\Users\ADMINI~1\AppData\Local\Temp\xcAs3kk.o
                end_init                              E        E        3        8       0
                reset_vec                             0        0        3        0       0
                config                             2007     2007        1        0       4
                idloc                              2000     2000        4        0       5
dist/default/production\Project_Work.X.production.o
                cinit                                11       11       36        8       0
                intentry                              4        4        A        8       0
                config                             2007     2007        1        0       4
                idloc                              2000     2000        4        0       5
                text22                              5FB      5FB       3D        8       0
                text21                              3C1      3C1       67        8       0
                text20                              4DC      4DC       4A        8       0
                text19                              21D      21D       9D        8       0
                text18                              2BA      2BA       87        8       0
                text17                              526      526       48        8       0
                text16                              6F3      6F3       27      D42       0
                text15                              638      638       3C        8       0
                text14                               47       47      10A        8       0
                text13                              773      773        E      D42       0
                text12                              71A      71A       25      D42       0
                text11                              5B5      5B5       46        8       0
                text10                              6A1      6A1       2B      D42       0
                text9                               483      483       59        8       0
                text8                               781      781        B      D42       0
                text7                               75E      75E       15      D42       0
                text6                               73F      73F       1F      D42       0
                text5                               6CC      6CC       27      D42       0
                text4                               428      428       5B        8       0
                text3                               56E      56E       47        8       0
                text2                               78C      78C        9      D42       0
                text1                               151      151       CC        8       0
                maintext                            341      341       80        8       0
                cstackBANK0                          45       45       24       20       1
                cstackCOMMON                         70       70        6       70       1
                cstackBANK1                          A0       A0       49       A0       1
                clrtext                             795      795        8      D42       0
                bssBANK1                             E9       E9        6       A0       1
                dataBANK0                            69       69        4       20       1
                bssBANK0                             20       20       25       20       1
                dataCOMMON                           79       79        1       70       1
                bssCOMMON                            76       76        3       70       1
                strings                             674      674       2D      CE8       0
                idataBANK0                          79D      79D        4      D42       0
                idataCOMMON                         7A1      7A1        1      D42       0

TOTAL           Name                               Link     Load   Length     Space
        CLASS   CODE           
                end_init                              E        E        3         0
                cinit                                11       11       36         0
                intentry                              4        4        A         0
                reset_vec                             0        0        3         0
                text22                              5FB      5FB       3D         0
                text21                              3C1      3C1       67         0
                text20                              4DC      4DC       4A         0
                text19                              21D      21D       9D         0
                text18                              2BA      2BA       87         0
                text17                              526      526       48         0
                text16                              6F3      6F3       27         0
                text15                              638      638       3C         0
                text14                               47       47      10A         0
                text13                              773      773        E         0
                text12                              71A      71A       25         0
                text11                              5B5      5B5       46         0
                text10                              6A1      6A1       2B         0
                text9                               483      483       59         0
                text8                               781      781        B         0
                text7                               75E      75E       15         0
                text6                               73F      73F       1F         0
                text5                               6CC      6CC       27         0
                text4                               428      428       5B         0
                text3                               56E      56E       47         0
                text2                               78C      78C        9         0
                text1                               151      151       CC         0
                maintext                            341      341       80         0
                clrtext                             795      795        8         0
                idataBANK0                          79D      79D        4         0
                idataCOMMON                         7A1      7A1        1         0

        CLASS   STRCODE        

        CLASS   STRING         
                strings                             674      674       2D         0

        CLASS   CONST          

        CLASS   ENTRY          

        CLASS   COMMON         
                cstackCOMMON                         70       70        6         1
                dataCOMMON                           79       79        1         1
                bssCOMMON                            76       76        3         1

        CLASS   BANK0          
                cstackBANK0                          45       45       24         1
                dataBANK0                            69       69        4         1
                bssBANK0                             20       20       25         1

        CLASS   BANK1          
                cstackBANK1                          A0       A0       49         1
                bssBANK1                             E9       E9        6         1

        CLASS   BANK2          

        CLASS   BANK3          

        CLASS   RAM            

        CLASS   ABS1           
                abs_s1                               7E       7E        2         1

        CLASS   SFR0           

        CLASS   SFR1           

        CLASS   SFR2           

        CLASS   SFR3           

        CLASS   CONFIG         
                config                             2007     2007        1         4

        CLASS   IDLOC          
                idloc                              2000     2000        4         5

        CLASS   EEDATA         

        CLASS   STACK          



SEGMENTS        Name                           Load    Length   Top    Selector   Space  Class     Delta

                reset_vec                      000000  000003  000003         0       0  CODE        2
                intentry                       000004  000670  000674         8       0  CODE        2
                bssBANK0                       000020  00004D  00006D        20       1  BANK0       1
                cstackCOMMON                   000070  00000A  00007A        70       1  COMMON      1
                cstackBANK1                    0000A0  00004F  0000EF        A0       1  BANK1       1
                strings                        000674  00002D  0006A1       CE8       0  STRING      2
                text10                         0006A1  000101  0007A2       D42       0  CODE        2


UNUSED ADDRESS RANGES

        Name                Unused          Largest block    Delta
        BANK0            006D-006F              3           1
        BANK1            00EF-00EF              1           1
        BANK2            0110-016F             60           1
        BANK3            0190-01EF             60           1
        CODE             0003-0003              1           2
                         07A2-1FFF            800
        COMMON           007A-007D              4           1
        CONST            0003-0003              1           2
                         07A2-1FFF            100
        EEDATA           2100-21FF            100           2
        ENTRY            0003-0003              1           2
                         07A2-1FFF            100
        RAM              006D-006F              3           1
                         00EF-00EF              1
                         0110-016F             60
                         0190-01EF             60
        SFR0             0000-001F             20           1
        SFR1             0080-009F             20           1
        SFR2             0100-010F             10           1
        SFR3             0180-018F             10           1
        STRCODE          0003-0003              1           2
                         07A2-1FFF           185E
        STRING           0003-0003              1           2
                         07A2-1FFF            100

                                  Symbol Table

?___aldiv                    cstackBANK0  0052
?___almod                    cstackBANK0  0045
?___awmod                    cstackBANK0  0058
?___lmul                     cstackBANK0  0045
?___wmul                     cstackBANK0  0045
?_pow                        cstackBANK0  0049
?_rand                       cstackBANK0  0051
?_strcat                     cstackCOMMON 0074
ConcatToPacket@delim         cstackBANK0  0051
ConcatToPacket@packet_length cstackBANK0  0053
ConcatToPacket@pkt           cstackBANK0  0055
ConcatToPacket@str           cstackBANK0  004F
ConvertToString@i            cstackBANK1  00A4
ConvertToString@j            cstackBANK1  00A2
ConvertToString@n            cstackBANK0  0061
ConvertToString@n_cifre      cstackBANK1  00A6
ConvertToString@str          cstackBANK0  0065
ConvertToString@temp         cstackBANK1  00A0
UART_TxChar@ch               cstackCOMMON 0075
UART_TxString@n              cstackBANK0  0047
UART_TxString@str            cstackBANK0  0046
UART_init@baudrate           cstackBANK0  0061
_ConcatToPacket              text20       04DC
_ConvertToString             text14       0047
_INTCON                      (abs)        000B
_IRS                         text22       05FB
_OPTION_REG                  (abs)        0081
_PIE1                        (abs)        008C
_PIR1                        (abs)        000C
_PORTB                       (abs)        0006
_PORTD                       (abs)        0008
_PORTEbits                   (abs)        0009
_RCIF                        (abs)        0065
_RCREG                       (abs)        001A
_RCSTA                       (abs)        0018
_SPBRG                       (abs)        0099
_T0IF                        (abs)        005A
_TMR0                        (abs)        0001
_TRISB                       (abs)        0086
_TRISC                       (abs)        0087
_TRISD                       (abs)        0088
_TRISEbits                   (abs)        0089
_TXREG                       (abs)        0019
_TXSTA                       (abs)        0098
_UART_TxChar                 text13       0773
_UART_TxString               text12       071A
_UART_init                   text11       05B5
__Habs1                      abs1         0000
__Hbank0                     bank0        0000
__Hbank1                     bank1        0000
__Hbank2                     bank2        0000
__Hbank3                     bank3        0000
__HbssBANK0                  bssBANK0     0000
__HbssBANK1                  bssBANK1     0000
__HbssCOMMON                 bssCOMMON    0000
__Hcinit                     cinit        0047
__Hclrtext                   clrtext      0000
__Hcode                      code         0000
__Hcommon                    common       0000
__Hconfig                    config       2008
__HcstackBANK0               cstackBANK0  0000
__HcstackBANK1               cstackBANK1  0000
__HcstackCOMMON              cstackCOMMON 0000
__HdataBANK0                 dataBANK0    0000
__HdataCOMMON                dataCOMMON   0000
__Heeprom_data               eeprom_data  0000
__Hend_init                  end_init     0011
__Hfunctab                   functab      0000
__HidataBANK0                idataBANK0   0000
__HidataCOMMON               idataCOMMON  0000
__Hidloc                     idloc        2004
__Hinit                      init         000E
__Hintentry                  intentry     000E
__Hmaintext                  maintext     0000
__Hpowerup                   powerup      0000
__Hram                       ram          0000
__Hreset_vec                 reset_vec    0003
__Hsfr0                      sfr0         0000
__Hsfr1                      sfr1         0000
__Hsfr2                      sfr2         0000
__Hsfr3                      sfr3         0000
__Hspace_0                   (abs)        07A2
__Hspace_1                   (abs)        00EF
__Hspace_2                   (abs)        0000
__Hspace_3                   (abs)        0000
__Hspace_4                   (abs)        400F
__Hstack                     stack        0000
__Hstrings                   strings      0000
__Htext                      text         0000
__Labs1                      abs1         0000
__Lbank0                     bank0        0000
__Lbank1                     bank1        0000
__Lbank2                     bank2        0000
__Lbank3                     bank3        0000
__LbssBANK0                  bssBANK0     0000
__LbssBANK1                  bssBANK1     0000
__LbssCOMMON                 bssCOMMON    0000
__Lcinit                     cinit        0011
__Lclrtext                   clrtext      0000
__Lcode                      code         0000
__Lcommon                    common       0000
__Lconfig                    config       0000
__LcstackBANK0               cstackBANK0  0000
__LcstackBANK1               cstackBANK1  0000
__LcstackCOMMON              cstackCOMMON 0000
__LdataBANK0                 dataBANK0    0000
__LdataCOMMON                dataCOMMON   0000
__Leeprom_data               eeprom_data  0000
__Lend_init                  end_init     000E
__Lfunctab                   functab      0000
__LidataBANK0                idataBANK0   0000
__LidataCOMMON               idataCOMMON  0000
__Lidloc                     idloc        0000
__Linit                      init         000E
__Lintentry                  intentry     0004
__Lmaintext                  maintext     0000
__Lpowerup                   powerup      0000
__Lram                       ram          0000
__Lreset_vec                 reset_vec    0000
__Lsfr0                      sfr0         0000
__Lsfr1                      sfr1         0000
__Lsfr2                      sfr2         0000
__Lsfr3                      sfr3         0000
__Lspace_0                   (abs)        0000
__Lspace_1                   (abs)        0000
__Lspace_2                   (abs)        0000
__Lspace_3                   (abs)        0000
__Lspace_4                   (abs)        0000
__Lstack                     stack        0000
__Lstrings                   strings      0000
__Ltext                      text         0000
__S0                         (abs)        07A2
__S1                         (abs)        00EF
__S3                         (abs)        0000
___aldiv                     text19       021D
___aldiv@counter             cstackBANK0  005B
___aldiv@dividend            cstackBANK0  0056
___aldiv@divisor             cstackBANK0  0052
___aldiv@quotient            cstackBANK0  005D
___aldiv@sign                cstackBANK0  005C
___almod                     text18       02BA
___almod@counter             cstackBANK0  004D
___almod@dividend            cstackBANK0  0049
___almod@divisor             cstackBANK0  0045
___almod@sign                cstackBANK0  004E
___awmod                     text4        0428
___awmod@counter             cstackBANK0  005C
___awmod@dividend            cstackBANK0  005A
___awmod@divisor             cstackBANK0  0058
___awmod@sign                cstackBANK0  005D
___int_sp                    stack        0000
___latbits                   (abs)        0002
___lmul                      text17       0526
___lmul@multiplicand         cstackBANK0  0049
___lmul@multiplier           cstackBANK0  0045
___lmul@product              cstackBANK0  004D
___sp                        stack        0000
___stackhi                   (abs)        0000
___stacklo                   (abs)        0000
___wmul                      text16       06F3
___wmul@multiplicand         cstackBANK0  0047
___wmul@multiplier           cstackBANK0  0045
___wmul@product              cstackCOMMON 0074
__end_of_ConcatToPacket      text20       0526
__end_of_ConvertToString     text14       0151
__end_of_IRS                 text22       0638
__end_of_UART_TxChar         text13       0781
__end_of_UART_TxString       text12       073F
__end_of_UART_init           text11       05FB
__end_of___aldiv             text19       02BA
__end_of___almod             text18       0341
__end_of___awmod             text4        0483
__end_of___lmul              text17       056E
__end_of___wmul              text16       071A
__end_of__initialization     cinit        0043
__end_of__stringtab          strings      0684
__end_of_colMask             strings      0697
__end_of_init_LCD            text9        04DC
__end_of_init_NumPad         text8        078C
__end_of_init_PIC            text6        075E
__end_of_init_Timer0         text7        0773
__end_of_keys                strings      0690
__end_of_lcdPrint            text5        06F3
__end_of_lcdSend             text10       06CC
__end_of_main                maintext     03C1
__end_of_pow                 text15       0674
__end_of_rand                text3        05B5
__end_of_read_NumPad         text1        021D
__end_of_rowMask             strings      0694
__end_of_srand               text2        0795
__end_of_strcat              text21       0428
__initialization             cinit        0011
__pbssBANK0                  bssBANK0     0020
__pbssBANK1                  bssBANK1     00E9
__pbssCOMMON                 bssCOMMON    0076
__pcstackBANK0               cstackBANK0  0045
__pcstackBANK1               cstackBANK1  00A0
__pcstackCOMMON              cstackCOMMON 0070
__pdataBANK0                 dataBANK0    0069
__pdataCOMMON                dataCOMMON   0079
__pidataBANK0                idataBANK0   079D
__pidataCOMMON               idataCOMMON  07A1
__pintentry                  intentry     0004
__pmaintext                  maintext     0341
__pstrings                   strings      0674
__ptext1                     text1        0151
__ptext10                    text10       06A1
__ptext11                    text11       05B5
__ptext12                    text12       071A
__ptext13                    text13       0773
__ptext14                    text14       0047
__ptext15                    text15       0638
__ptext16                    text16       06F3
__ptext17                    text17       0526
__ptext18                    text18       02BA
__ptext19                    text19       021D
__ptext2                     text2        078C
__ptext20                    text20       04DC
__ptext21                    text21       03C1
__ptext22                    text22       05FB
__ptext3                     text3        056E
__ptext4                     text4        0428
__ptext5                     text5        06CC
__ptext6                     text6        073F
__ptext7                     text7        075E
__ptext8                     text8        0781
__ptext9                     text9        0483
__stringbase                 strings      0683
__stringtab                  strings      0674
_colMask                     strings      0694
_colScan                     bssCOMMON    0078
_datoSeriale                 bssBANK0     0035
_datoTastierino              bssBANK0     0020
_iS                          bssBANK1     00EE
_iT                          bssCOMMON    0076
_init_LCD                    text9        0483
_init_NumPad                 text8        0781
_init_PIC                    text6        073F
_init_Timer0                 text7        075E
_keyf                        bssBANK0     0034
_keypressed                  dataCOMMON   0079
_keys                        strings      0684
_lcdPrint                    text5        06CC
_lcdSend                     text10       06A1
_main                        maintext     0341
_milliseconds                bssBANK0     0030
_num_rand                    bssBANK1     00EB
_old_num_rand                bssBANK1     00E9
_pow                         text15       0638
_rand                        text3        056E
_randx                       dataBANK0    0069
_read_NumPad                 text1        0151
_recieved                    bssBANK1     00ED
_rowMask                     strings      0690
_rowScan                     bssCOMMON    0077
_srand                       text2        078C
_strcat                      text21       03C1
btemp                        (abs)        007E
clear_ram0                   clrtext      0795
end_of_initialization        cinit        0043
interrupt_function           intentry     0004
intlevel0                    functab      0000
intlevel1                    functab      0000
intlevel2                    functab      0000
intlevel3                    functab      0000
intlevel4                    functab      0000
intlevel5                    functab      0000
lcdPrint@n                   cstackBANK0  0048
lcdPrint@str                 cstackBANK0  004A
lcdSend@dato                 cstackCOMMON 0075
lcdSend@tipo                 cstackCOMMON 0074
main@num_rand_s              cstackBANK1  00D9
main@packet                  cstackBANK1  00A7
pow@b                        cstackBANK0  004D
pow@exp                      cstackBANK0  0049
pow@i                        cstackBANK0  004E
pow@n                        cstackBANK0  0050
reset_vec                    reset_vec    0000
saved_w                      (abs)        007E
srand@x                      cstackCOMMON 0074
start                        init         000E
start_initialization         cinit        0011
strcat@length_str1           cstackBANK0  004D
strcat@n                     cstackBANK0  004A
strcat@str1                  cstackBANK0  004C
strcat@str2                  cstackCOMMON 0074
wtemp0                       (abs)        007E


MODULE INFORMATION

Module		Function		Class		Link	Load	Size
C:\Program Files\Microchip\xc8\v2.40\pic\sources\c90\common\aldiv.c
		___aldiv       		CODE           	021D	0000	157

C:\Program Files\Microchip\xc8\v2.40\pic\sources\c90\common\aldiv.c estimated size: 157

C:\Program Files\Microchip\xc8\v2.40\pic\sources\c90\common\rand.c
		_srand         		CODE           	078C	0000	9
		_rand          		CODE           	056E	0000	71

C:\Program Files\Microchip\xc8\v2.40\pic\sources\c90\common\rand.c estimated size: 80

C:\Program Files\Microchip\xc8\v2.40\pic\sources\c90\common\Umul16.c
		___wmul        		CODE           	06F3	0000	39

C:\Program Files\Microchip\xc8\v2.40\pic\sources\c90\common\Umul16.c estimated size: 39

shared
		__stringtab    		STRING         	0674	0000	16
		_rowMask       		STRING         	0690	0000	4
		_keys          		STRING         	0684	0000	12
		__initialization		CODE           	0011	0000	50
		_colMask       		STRING         	0694	0000	3

shared estimated size: 85

C:\Program Files\Microchip\xc8\v2.40\pic\sources\c90\common\awmod.c
		___awmod       		CODE           	0428	0000	91

C:\Program Files\Microchip\xc8\v2.40\pic\sources\c90\common\awmod.c estimated size: 91

C:\Program Files\Microchip\xc8\v2.40\pic\sources\c90\common\Umul32.c
		___lmul        		CODE           	0526	0000	72

C:\Program Files\Microchip\xc8\v2.40\pic\sources\c90\common\Umul32.c estimated size: 72

main.c
		_ConvertToString		CODE           	0047	0000	266
		_UART_TxString 		CODE           	071A	0000	37
		_ConcatToPacket		CODE           	04DC	0000	74
		_init_PIC      		CODE           	073F	0000	31
		_IRS           		CODE           	05FB	0000	61
		_UART_init     		CODE           	05B5	0000	70
		_main          		CODE           	0341	0000	128
		_init_Timer0   		CODE           	075E	0000	21
		_init_LCD      		CODE           	0483	0000	89
		_init_NumPad   		CODE           	0781	0000	11
		_pow           		CODE           	0638	0000	60
		_strcat        		CODE           	03C1	0000	103
		_lcdSend       		CODE           	06A1	0000	43
		_read_NumPad   		CODE           	0151	0000	204
		_lcdPrint      		CODE           	06CC	0000	39
		_UART_TxChar   		CODE           	0773	0000	14

main.c estimated size: 1251

C:\Program Files\Microchip\xc8\v2.40\pic\sources\c90\common\almod.c
		___almod       		CODE           	02BA	0000	135

C:\Program Files\Microchip\xc8\v2.40\pic\sources\c90\common\almod.c estimated size: 135

